Archive member included to satisfy reference by file (symbol)

c:/st/stm32cubeide_1.0.2/stm32cubeide/plugins/com.st.stm32cube.ide.mcu.externaltools.gnu-tools-for-stm32.7-2018-q2-update.win32_1.0.0.201904181610/tools/bin/../lib/gcc/arm-none-eabi/7.3.1/../../../../arm-none-eabi/lib/thumb/v7e-m/fpv4-sp/hard\libc_nano.a(lib_a-errno.o)
                              Src/syscalls.o (__errno)
c:/st/stm32cubeide_1.0.2/stm32cubeide/plugins/com.st.stm32cube.ide.mcu.externaltools.gnu-tools-for-stm32.7-2018-q2-update.win32_1.0.0.201904181610/tools/bin/../lib/gcc/arm-none-eabi/7.3.1/../../../../arm-none-eabi/lib/thumb/v7e-m/fpv4-sp/hard\libc_nano.a(lib_a-exit.o)
                              c:/st/stm32cubeide_1.0.2/stm32cubeide/plugins/com.st.stm32cube.ide.mcu.externaltools.gnu-tools-for-stm32.7-2018-q2-update.win32_1.0.0.201904181610/tools/bin/../lib/gcc/arm-none-eabi/7.3.1/../../../../arm-none-eabi/lib/thumb/v7e-m/fpv4-sp/hard/crt0.o (exit)
c:/st/stm32cubeide_1.0.2/stm32cubeide/plugins/com.st.stm32cube.ide.mcu.externaltools.gnu-tools-for-stm32.7-2018-q2-update.win32_1.0.0.201904181610/tools/bin/../lib/gcc/arm-none-eabi/7.3.1/../../../../arm-none-eabi/lib/thumb/v7e-m/fpv4-sp/hard\libc_nano.a(lib_a-impure.o)
                              c:/st/stm32cubeide_1.0.2/stm32cubeide/plugins/com.st.stm32cube.ide.mcu.externaltools.gnu-tools-for-stm32.7-2018-q2-update.win32_1.0.0.201904181610/tools/bin/../lib/gcc/arm-none-eabi/7.3.1/../../../../arm-none-eabi/lib/thumb/v7e-m/fpv4-sp/hard\libc_nano.a(lib_a-exit.o) (_global_impure_ptr)
c:/st/stm32cubeide_1.0.2/stm32cubeide/plugins/com.st.stm32cube.ide.mcu.externaltools.gnu-tools-for-stm32.7-2018-q2-update.win32_1.0.0.201904181610/tools/bin/../lib/gcc/arm-none-eabi/7.3.1/../../../../arm-none-eabi/lib/thumb/v7e-m/fpv4-sp/hard\libc_nano.a(lib_a-init.o)
                              c:/st/stm32cubeide_1.0.2/stm32cubeide/plugins/com.st.stm32cube.ide.mcu.externaltools.gnu-tools-for-stm32.7-2018-q2-update.win32_1.0.0.201904181610/tools/bin/../lib/gcc/arm-none-eabi/7.3.1/../../../../arm-none-eabi/lib/thumb/v7e-m/fpv4-sp/hard/crt0.o (__libc_init_array)
c:/st/stm32cubeide_1.0.2/stm32cubeide/plugins/com.st.stm32cube.ide.mcu.externaltools.gnu-tools-for-stm32.7-2018-q2-update.win32_1.0.0.201904181610/tools/bin/../lib/gcc/arm-none-eabi/7.3.1/../../../../arm-none-eabi/lib/thumb/v7e-m/fpv4-sp/hard\libc_nano.a(lib_a-memset.o)
                              c:/st/stm32cubeide_1.0.2/stm32cubeide/plugins/com.st.stm32cube.ide.mcu.externaltools.gnu-tools-for-stm32.7-2018-q2-update.win32_1.0.0.201904181610/tools/bin/../lib/gcc/arm-none-eabi/7.3.1/../../../../arm-none-eabi/lib/thumb/v7e-m/fpv4-sp/hard/crt0.o (memset)

Allocating common symbols
Common symbol       size              file

hUsbDeviceFS        0x2c4             Src/usb_device.o
hdac1               0x14              Src/dac.o
hadc2               0x6c              Src/adc.o
hi2c1               0x4c              Src/i2c.o
uwTick              0x4               Drivers/STM32G4xx_HAL_Driver/Src/stm32g4xx_hal.o
UserRxBufferFS      0x4               Src/usbd_cdc_if.o
hadc1               0x6c              Src/adc.o
UserTxBufferFS      0x4               Src/usbd_cdc_if.o
hcordic             0x28              Src/cordic.o
htim2               0x40              Src/tim.o
hpcd_USB_FS         0x274             Src/usbd_conf.o
USBD_StrDesc        0x200             Src/usbd_desc.o

Discarded input sections

 .text          0x0000000000000000        0x0 c:/st/stm32cubeide_1.0.2/stm32cubeide/plugins/com.st.stm32cube.ide.mcu.externaltools.gnu-tools-for-stm32.7-2018-q2-update.win32_1.0.0.201904181610/tools/bin/../lib/gcc/arm-none-eabi/7.3.1/thumb/v7e-m/fpv4-sp/hard/crti.o
 .data          0x0000000000000000        0x0 c:/st/stm32cubeide_1.0.2/stm32cubeide/plugins/com.st.stm32cube.ide.mcu.externaltools.gnu-tools-for-stm32.7-2018-q2-update.win32_1.0.0.201904181610/tools/bin/../lib/gcc/arm-none-eabi/7.3.1/thumb/v7e-m/fpv4-sp/hard/crti.o
 .bss           0x0000000000000000        0x0 c:/st/stm32cubeide_1.0.2/stm32cubeide/plugins/com.st.stm32cube.ide.mcu.externaltools.gnu-tools-for-stm32.7-2018-q2-update.win32_1.0.0.201904181610/tools/bin/../lib/gcc/arm-none-eabi/7.3.1/thumb/v7e-m/fpv4-sp/hard/crti.o
 .data          0x0000000000000000        0x4 c:/st/stm32cubeide_1.0.2/stm32cubeide/plugins/com.st.stm32cube.ide.mcu.externaltools.gnu-tools-for-stm32.7-2018-q2-update.win32_1.0.0.201904181610/tools/bin/../lib/gcc/arm-none-eabi/7.3.1/thumb/v7e-m/fpv4-sp/hard/crtbegin.o
 .text          0x0000000000000000       0x74 c:/st/stm32cubeide_1.0.2/stm32cubeide/plugins/com.st.stm32cube.ide.mcu.externaltools.gnu-tools-for-stm32.7-2018-q2-update.win32_1.0.0.201904181610/tools/bin/../lib/gcc/arm-none-eabi/7.3.1/../../../../arm-none-eabi/lib/thumb/v7e-m/fpv4-sp/hard/crt0.o
[...]
Memory Configuration

Name             Origin             Length             Attributes
RAM              0x0000000020000000 0x0000000000008000 xrw
FLASH            0x0000000008000000 0x0000000000010000 xr
*default*        0x0000000000000000 0xffffffffffffffff

Linker script and memory map

LOAD c:/st/stm32cubeide_1.0.2/stm32cubeide/plugins/com.st.stm32cube.ide.mcu.externaltools.gnu-tools-for-stm32.7-2018-q2-update.win32_1.0.0.201904181610/tools/bin/../lib/gcc/arm-none-eabi/7.3.1/thumb/v7e-m/fpv4-sp/hard/crti.o
LOAD c:/st/stm32cubeide_1.0.2/stm32cubeide/plugins/com.st.stm32cube.ide.mcu.externaltools.gnu-tools-for-stm32.7-2018-q2-update.win32_1.0.0.201904181610/tools/bin/../lib/gcc/arm-none-eabi/7.3.1/thumb/v7e-m/fpv4-sp/hard/crtbegin.o
LOAD c:/st/stm32cubeide_1.0.2/stm32cubeide/plugins/com.st.stm32cube.ide.mcu.externaltools.gnu-tools-for-stm32.7-2018-q2-update.win32_1.0.0.201904181610/tools/bin/../lib/gcc/arm-none-eabi/7.3.1/../../../../arm-none-eabi/lib/thumb/v7e-m/fpv4-sp/hard/crt0.o
LOAD Drivers/STM32G4xx_HAL_Driver/Src/stm32g4xx_hal.o
LOAD Drivers/STM32G4xx_HAL_Driver/Src/stm32g4xx_hal_adc.o
LOAD Drivers/STM32G4xx_HAL_Driver/Src/stm32g4xx_hal_adc_ex.o
LOAD Drivers/STM32G4xx_HAL_Driver/Src/stm32g4xx_hal_cordic.o
LOAD Drivers/STM32G4xx_HAL_Driver/Src/stm32g4xx_hal_cortex.o
LOAD Drivers/STM32G4xx_HAL_Driver/Src/stm32g4xx_hal_dac.o
LOAD Drivers/STM32G4xx_HAL_Driver/Src/stm32g4xx_hal_dac_ex.o
LOAD Drivers/STM32G4xx_HAL_Driver/Src/stm32g4xx_hal_dma.o
LOAD Drivers/STM32G4xx_HAL_Driver/Src/stm32g4xx_hal_dma_ex.o
LOAD Drivers/STM32G4xx_HAL_Driver/Src/stm32g4xx_hal_exti.o
LOAD Drivers/STM32G4xx_HAL_Driver/Src/stm32g4xx_hal_flash.o
LOAD Drivers/STM32G4xx_HAL_Driver/Src/stm32g4xx_hal_flash_ex.o
LOAD Drivers/STM32G4xx_HAL_Driver/Src/stm32g4xx_hal_flash_ramfunc.o
LOAD Drivers/STM32G4xx_HAL_Driver/Src/stm32g4xx_hal_gpio.o
LOAD Drivers/STM32G4xx_HAL_Driver/Src/stm32g4xx_hal_i2c.o
LOAD Drivers/STM32G4xx_HAL_Driver/Src/stm32g4xx_hal_i2c_ex.o
LOAD Drivers/STM32G4xx_HAL_Driver/Src/stm32g4xx_hal_pcd.o
LOAD Drivers/STM32G4xx_HAL_Driver/Src/stm32g4xx_hal_pcd_ex.o
LOAD Drivers/STM32G4xx_HAL_Driver/Src/stm32g4xx_hal_pwr.o
LOAD Drivers/STM32G4xx_HAL_Driver/Src/stm32g4xx_hal_pwr_ex.o
LOAD Drivers/STM32G4xx_HAL_Driver/Src/stm32g4xx_hal_rcc.o
LOAD Drivers/STM32G4xx_HAL_Driver/Src/stm32g4xx_hal_rcc_ex.o
LOAD Drivers/STM32G4xx_HAL_Driver/Src/stm32g4xx_hal_tim.o
LOAD Drivers/STM32G4xx_HAL_Driver/Src/stm32g4xx_hal_tim_ex.o
LOAD Drivers/STM32G4xx_HAL_Driver/Src/stm32g4xx_ll_adc.o
LOAD Drivers/STM32G4xx_HAL_Driver/Src/stm32g4xx_ll_pwr.o
LOAD Drivers/STM32G4xx_HAL_Driver/Src/stm32g4xx_ll_usb.o
LOAD Middlewares/ST/STM32_USB_Device_Library/Class/CDC/Src/usbd_cdc.o
LOAD Middlewares/ST/STM32_USB_Device_Library/Core/Src/usbd_core.o
LOAD Middlewares/ST/STM32_USB_Device_Library/Core/Src/usbd_ctlreq.o
LOAD Middlewares/ST/STM32_USB_Device_Library/Core/Src/usbd_ioreq.o
LOAD Src/adc.o
LOAD Src/cordic.o
LOAD Src/dac.o
LOAD Src/gpio.o
LOAD Src/i2c.o
LOAD Src/main.o
LOAD Src/stm32g4xx_hal_msp.o
LOAD Src/stm32g4xx_it.o
LOAD Src/syscalls.o
LOAD Src/sysmem.o
LOAD Src/system_stm32g4xx.o
LOAD Src/tim.o
LOAD Src/usb_device.o
LOAD Src/usbd_cdc_if.o
LOAD Src/usbd_conf.o
LOAD Src/usbd_desc.o
LOAD Startup/startup_stm32g431k8tx.o
START GROUP
LOAD c:/st/stm32cubeide_1.0.2/stm32cubeide/plugins/com.st.stm32cube.ide.mcu.externaltools.gnu-tools-for-stm32.7-2018-q2-update.win32_1.0.0.201904181610/tools/bin/../lib/gcc/arm-none-eabi/7.3.1/../../../../arm-none-eabi/lib/thumb/v7e-m/fpv4-sp/hard\libc_nano.a
LOAD c:/st/stm32cubeide_1.0.2/stm32cubeide/plugins/com.st.stm32cube.ide.mcu.externaltools.gnu-tools-for-stm32.7-2018-q2-update.win32_1.0.0.201904181610/tools/bin/../lib/gcc/arm-none-eabi/7.3.1/../../../../arm-none-eabi/lib/thumb/v7e-m/fpv4-sp/hard\libm.a
END GROUP
START GROUP
LOAD c:/st/stm32cubeide_1.0.2/stm32cubeide/plugins/com.st.stm32cube.ide.mcu.externaltools.gnu-tools-for-stm32.7-2018-q2-update.win32_1.0.0.201904181610/tools/bin/../lib/gcc/arm-none-eabi/7.3.1/thumb/v7e-m/fpv4-sp/hard\libgcc.a
LOAD c:/st/stm32cubeide_1.0.2/stm32cubeide/plugins/com.st.stm32cube.ide.mcu.externaltools.gnu-tools-for-stm32.7-2018-q2-update.win32_1.0.0.201904181610/tools/bin/../lib/gcc/arm-none-eabi/7.3.1/../../../../arm-none-eabi/lib/thumb/v7e-m/fpv4-sp/hard\libc_nano.a
END GROUP
START GROUP
LOAD c:/st/stm32cubeide_1.0.2/stm32cubeide/plugins/com.st.stm32cube.ide.mcu.externaltools.gnu-tools-for-stm32.7-2018-q2-update.win32_1.0.0.201904181610/tools/bin/../lib/gcc/arm-none-eabi/7.3.1/thumb/v7e-m/fpv4-sp/hard\libgcc.a
LOAD c:/st/stm32cubeide_1.0.2/stm32cubeide/plugins/com.st.stm32cube.ide.mcu.externaltools.gnu-tools-for-stm32.7-2018-q2-update.win32_1.0.0.201904181610/tools/bin/../lib/gcc/arm-none-eabi/7.3.1/../../../../arm-none-eabi/lib/thumb/v7e-m/fpv4-sp/hard\libc_nano.a
LOAD c:/st/stm32cubeide_1.0.2/stm32cubeide/plugins/com.st.stm32cube.ide.mcu.externaltools.gnu-tools-for-stm32.7-2018-q2-update.win32_1.0.0.201904181610/tools/bin/../lib/gcc/arm-none-eabi/7.3.1/../../../../arm-none-eabi/lib/thumb/v7e-m/fpv4-sp/hard\libnosys.a
END GROUP
START GROUP
LOAD c:/st/stm32cubeide_1.0.2/stm32cubeide/plugins/com.st.stm32cube.ide.mcu.externaltools.gnu-tools-for-stm32.7-2018-q2-update.win32_1.0.0.201904181610/tools/bin/../lib/gcc/arm-none-eabi/7.3.1/thumb/v7e-m/fpv4-sp/hard\libgcc.a
LOAD c:/st/stm32cubeide_1.0.2/stm32cubeide/plugins/com.st.stm32cube.ide.mcu.externaltools.gnu-tools-for-stm32.7-2018-q2-update.win32_1.0.0.201904181610/tools/bin/../lib/gcc/arm-none-eabi/7.3.1/../../../../arm-none-eabi/lib/thumb/v7e-m/fpv4-sp/hard\libc_nano.a
LOAD c:/st/stm32cubeide_1.0.2/stm32cubeide/plugins/com.st.stm32cube.ide.mcu.externaltools.gnu-tools-for-stm32.7-2018-q2-update.win32_1.0.0.201904181610/tools/bin/../lib/gcc/arm-none-eabi/7.3.1/../../../../arm-none-eabi/lib/thumb/v7e-m/fpv4-sp/hard\libnosys.a
END GROUP
LOAD c:/st/stm32cubeide_1.0.2/stm32cubeide/plugins/com.st.stm32cube.ide.mcu.externaltools.gnu-tools-for-stm32.7-2018-q2-update.win32_1.0.0.201904181610/tools/bin/../lib/gcc/arm-none-eabi/7.3.1/thumb/v7e-m/fpv4-sp/hard/crtend.o
LOAD c:/st/stm32cubeide_1.0.2/stm32cubeide/plugins/com.st.stm32cube.ide.mcu.externaltools.gnu-tools-for-stm32.7-2018-q2-update.win32_1.0.0.201904181610/tools/bin/../lib/gcc/arm-none-eabi/7.3.1/thumb/v7e-m/fpv4-sp/hard/crtn.o
                0x0000000020008000                _estack = 0x20008000
                0x0000000000000200                _Min_Heap_Size = 0x200
                0x0000000000000400                _Min_Stack_Size = 0x400

.isr_vector     0x0000000008000000      0x1d8
                0x0000000008000000                . = ALIGN (0x4)
 *(.isr_vector)
 .isr_vector    0x0000000008000000      0x1d8 Startup/startup_stm32g431k8tx.o
                0x0000000008000000                g_pfnVectors
                0x00000000080001d8                . = ALIGN (0x4)

.text           0x00000000080001d8     0x83b0
                0x00000000080001d8                . = ALIGN (0x4)
 *(.text)
 .text          0x00000000080001d8       0x40 c:/st/stm32cubeide_1.0.2/stm32cubeide/plugins/com.st.stm32cube.ide.mcu.externaltools.gnu-tools-for-stm32.7-2018-q2-update.win32_1.0.0.201904181610/tools/bin/../lib/gcc/arm-none-eabi/7.3.1/thumb/v7e-m/fpv4-sp/hard/crtbegin.o
 *(.text*)
 .text.HAL_Init
                0x0000000008000218       0x30 Drivers/STM32G4xx_HAL_Driver/Src/stm32g4xx_hal.o
                0x0000000008000218                HAL_Init
 .text.HAL_InitTick
                0x0000000008000248       0x74 Drivers/STM32G4xx_HAL_Driver/Src/stm32g4xx_hal.o
                0x0000000008000248                HAL_InitTick
 .text.HAL_IncTick
                0x00000000080002bc       0x24 Drivers/STM32G4xx_HAL_Driver/Src/stm32g4xx_hal.o
                0x00000000080002bc                HAL_IncTick
 .text.HAL_GetTick
                0x00000000080002e0       0x18 Drivers/STM32G4xx_HAL_Driver/Src/stm32g4xx_hal.o
                0x00000000080002e0                HAL_GetTick
 .text.HAL_Delay
                0x00000000080002f8       0x44 Drivers/STM32G4xx_HAL_Driver/Src/stm32g4xx_hal.o
                0x00000000080002f8                HAL_Delay
 .text.LL_ADC_SetCommonClock
                0x000000000800033c       0x26 Drivers/STM32G4xx_HAL_Driver/Src/stm32g4xx_hal_adc.o
 .text.LL_ADC_SetCommonPathInternalCh
                0x0000000008000362       0x26 Drivers/STM32G4xx_HAL_Driver/Src/stm32g4xx_hal_adc.o
 .text.LL_ADC_GetCommonPathInternalCh
                0x0000000008000388       0x1c Drivers/STM32G4xx_HAL_Driver/Src/stm32g4xx_hal_adc.o
 .text.LL_ADC_SetOffset
                0x00000000080003a4       0x44 Drivers/STM32G4xx_HAL_Driver/Src/stm32g4xx_hal_adc.o
 .text.LL_ADC_GetOffsetChannel
                0x00000000080003e8       0x28 Drivers/STM32G4xx_HAL_Driver/Src/stm32g4xx_hal_adc.o
 .text.LL_ADC_SetOffsetState
                0x0000000008000410       0x30 Drivers/STM32G4xx_HAL_Driver/Src/stm32g4xx_hal_adc.o
 .text.LL_ADC_SetOffsetSign
                0x0000000008000440       0x30 Drivers/STM32G4xx_HAL_Driver/Src/stm32g4xx_hal_adc.o
 .text.LL_ADC_SetOffsetSaturation
                0x0000000008000470       0x30 Drivers/STM32G4xx_HAL_Driver/Src/stm32g4xx_hal_adc.o
 .text.LL_ADC_SetSamplingTimeCommonConfig
                0x00000000080004a0       0x26 Drivers/STM32G4xx_HAL_Driver/Src/stm32g4xx_hal_adc.o
 .text.LL_ADC_REG_SetSequencerRanks
                0x00000000080004c6       0x52 Drivers/STM32G4xx_HAL_Driver/Src/stm32g4xx_hal_adc.o
 .text.LL_ADC_SetChannelSamplingTime
                0x0000000008000518       0x50 Drivers/STM32G4xx_HAL_Driver/Src/stm32g4xx_hal_adc.o
 .text.LL_ADC_SetChannelSingleDiff
                0x0000000008000568       0x48 Drivers/STM32G4xx_HAL_Driver/Src/stm32g4xx_hal_adc.o
 .text.LL_ADC_DisableDeepPowerDown
                0x00000000080005b0       0x24 Drivers/STM32G4xx_HAL_Driver/Src/stm32g4xx_hal_adc.o
 .text.LL_ADC_IsDeepPowerDownEnabled
                0x00000000080005d4       0x28 Drivers/STM32G4xx_HAL_Driver/Src/stm32g4xx_hal_adc.o
 .text.LL_ADC_EnableInternalRegulator
                0x00000000080005fc       0x28 Drivers/STM32G4xx_HAL_Driver/Src/stm32g4xx_hal_adc.o
 .text.LL_ADC_IsInternalRegulatorEnabled
                0x0000000008000624       0x28 Drivers/STM32G4xx_HAL_Driver/Src/stm32g4xx_hal_adc.o
 .text.LL_ADC_IsEnabled
                0x000000000800064c       0x26 Drivers/STM32G4xx_HAL_Driver/Src/stm32g4xx_hal_adc.o
 .text.LL_ADC_REG_IsConversionOngoing
                0x0000000008000672       0x26 Drivers/STM32G4xx_HAL_Driver/Src/stm32g4xx_hal_adc.o
 .text.LL_ADC_INJ_IsConversionOngoing
                0x0000000008000698       0x26 Drivers/STM32G4xx_HAL_Driver/Src/stm32g4xx_hal_adc.o
 *fill*         0x00000000080006be        0x2 
 .text.HAL_ADC_Init
                0x00000000080006c0      0x310 Drivers/STM32G4xx_HAL_Driver/Src/stm32g4xx_hal_adc.o
                0x00000000080006c0                HAL_ADC_Init
 .text.HAL_ADC_ConfigChannel
                0x00000000080009d0      0x6c8 Drivers/STM32G4xx_HAL_Driver/Src/stm32g4xx_hal_adc.o
                0x00000000080009d0                HAL_ADC_ConfigChannel
 .text.LL_ADC_IsEnabled
                0x0000000008001098       0x26 Drivers/STM32G4xx_HAL_Driver/Src/stm32g4xx_hal_adc_ex.o
 .text.LL_ADC_REG_IsConversionOngoing
                0x00000000080010be       0x26 Drivers/STM32G4xx_HAL_Driver/Src/stm32g4xx_hal_adc_ex.o
 .text.HAL_ADCEx_MultiModeConfigChannel
                0x00000000080010e4      0x140 Drivers/STM32G4xx_HAL_Driver/Src/stm32g4xx_hal_adc_ex.o
                0x00000000080010e4                HAL_ADCEx_MultiModeConfigChannel
 .text.HAL_CORDIC_Init
                0x0000000008001224       0x62 Drivers/STM32G4xx_HAL_Driver/Src/stm32g4xx_hal_cordic.o
                0x0000000008001224                HAL_CORDIC_Init
 *fill*         0x0000000008001286        0x2 
 .text.__NVIC_SetPriorityGrouping
                0x0000000008001288       0x48 Drivers/STM32G4xx_HAL_Driver/Src/stm32g4xx_hal_cortex.o
 .text.__NVIC_GetPriorityGrouping
                0x00000000080012d0       0x1c Drivers/STM32G4xx_HAL_Driver/Src/stm32g4xx_hal_cortex.o
 .text.__NVIC_EnableIRQ
                0x00000000080012ec       0x3c Drivers/STM32G4xx_HAL_Driver/Src/stm32g4xx_hal_cortex.o
 .text.__NVIC_SetPriority
                0x0000000008001328       0x54 Drivers/STM32G4xx_HAL_Driver/Src/stm32g4xx_hal_cortex.o
 .text.NVIC_EncodePriority
                0x000000000800137c       0x66 Drivers/STM32G4xx_HAL_Driver/Src/stm32g4xx_hal_cortex.o
 *fill*         0x00000000080013e2        0x2 
 .text.SysTick_Config
                0x00000000080013e4       0x44 Drivers/STM32G4xx_HAL_Driver/Src/stm32g4xx_hal_cortex.o
 .text.HAL_NVIC_SetPriorityGrouping
                0x0000000008001428       0x16 Drivers/STM32G4xx_HAL_Driver/Src/stm32g4xx_hal_cortex.o
                0x0000000008001428                HAL_NVIC_SetPriorityGrouping
 .text.HAL_NVIC_SetPriority
                0x000000000800143e       0x34 Drivers/STM32G4xx_HAL_Driver/Src/stm32g4xx_hal_cortex.o
                0x000000000800143e                HAL_NVIC_SetPriority
 .text.HAL_NVIC_EnableIRQ
                0x0000000008001472       0x1c Drivers/STM32G4xx_HAL_Driver/Src/stm32g4xx_hal_cortex.o
                0x0000000008001472                HAL_NVIC_EnableIRQ
 .text.HAL_SYSTICK_Config
                0x000000000800148e       0x18 Drivers/STM32G4xx_HAL_Driver/Src/stm32g4xx_hal_cortex.o
                0x000000000800148e                HAL_SYSTICK_Config
 .text.HAL_DAC_Init
                0x00000000080014a6       0x44 Drivers/STM32G4xx_HAL_Driver/Src/stm32g4xx_hal_dac.o
                0x00000000080014a6                HAL_DAC_Init
 .text.HAL_DAC_Start
                0x00000000080014ea       0xa6 Drivers/STM32G4xx_HAL_Driver/Src/stm32g4xx_hal_dac.o
                0x00000000080014ea                HAL_DAC_Start
 .text.HAL_DAC_SetValue
                0x0000000008001590       0x50 Drivers/STM32G4xx_HAL_Driver/Src/stm32g4xx_hal_dac.o
                0x0000000008001590                HAL_DAC_SetValue
 .text.HAL_DAC_ConfigChannel
                0x00000000080015e0      0x358 Drivers/STM32G4xx_HAL_Driver/Src/stm32g4xx_hal_dac.o
                0x00000000080015e0                HAL_DAC_ConfigChannel
 .text.HAL_GPIO_Init
                0x0000000008001938      0x304 Drivers/STM32G4xx_HAL_Driver/Src/stm32g4xx_hal_gpio.o
                0x0000000008001938                HAL_GPIO_Init
 .text.HAL_GPIO_WritePin
                0x0000000008001c3c       0x30 Drivers/STM32G4xx_HAL_Driver/Src/stm32g4xx_hal_gpio.o
                0x0000000008001c3c                HAL_GPIO_WritePin
 .text.HAL_GPIO_TogglePin
                0x0000000008001c6c       0x32 Drivers/STM32G4xx_HAL_Driver/Src/stm32g4xx_hal_gpio.o
                0x0000000008001c6c                HAL_GPIO_TogglePin
 .text.HAL_I2C_Init
                0x0000000008001c9e      0x11e Drivers/STM32G4xx_HAL_Driver/Src/stm32g4xx_hal_i2c.o
                0x0000000008001c9e                HAL_I2C_Init
 .text.HAL_I2CEx_ConfigAnalogFilter
                0x0000000008001dbc       0x96 Drivers/STM32G4xx_HAL_Driver/Src/stm32g4xx_hal_i2c_ex.o
                0x0000000008001dbc                HAL_I2CEx_ConfigAnalogFilter
 .text.HAL_I2CEx_ConfigDigitalFilter
                0x0000000008001e52       0x98 Drivers/STM32G4xx_HAL_Driver/Src/stm32g4xx_hal_i2c_ex.o
                0x0000000008001e52                HAL_I2CEx_ConfigDigitalFilter
 .text.HAL_PCD_Init
                0x0000000008001eea      0x176 Drivers/STM32G4xx_HAL_Driver/Src/stm32g4xx_hal_pcd.o
                0x0000000008001eea                HAL_PCD_Init
 .text.HAL_PCD_Start
                0x0000000008002060       0x44 Drivers/STM32G4xx_HAL_Driver/Src/stm32g4xx_hal_pcd.o
                0x0000000008002060                HAL_PCD_Start
 .text.HAL_PCD_IRQHandler
                0x00000000080020a4      0x2b2 Drivers/STM32G4xx_HAL_Driver/Src/stm32g4xx_hal_pcd.o
                0x00000000080020a4                HAL_PCD_IRQHandler
 .text.HAL_PCD_SetAddress
                0x0000000008002356       0x4a Drivers/STM32G4xx_HAL_Driver/Src/stm32g4xx_hal_pcd.o
                0x0000000008002356                HAL_PCD_SetAddress
 .text.HAL_PCD_EP_Open
                0x00000000080023a0       0xc0 Drivers/STM32G4xx_HAL_Driver/Src/stm32g4xx_hal_pcd.o
                0x00000000080023a0                HAL_PCD_EP_Open
 .text.HAL_PCD_EP_Close
                0x0000000008002460       0x84 Drivers/STM32G4xx_HAL_Driver/Src/stm32g4xx_hal_pcd.o
                0x0000000008002460                HAL_PCD_EP_Close
 .text.HAL_PCD_EP_Receive
                0x00000000080024e4       0x74 Drivers/STM32G4xx_HAL_Driver/Src/stm32g4xx_hal_pcd.o
                0x00000000080024e4                HAL_PCD_EP_Receive
 .text.HAL_PCD_EP_GetRxCount
                0x0000000008002558       0x2a Drivers/STM32G4xx_HAL_Driver/Src/stm32g4xx_hal_pcd.o
                0x0000000008002558                HAL_PCD_EP_GetRxCount
 .text.HAL_PCD_EP_Transmit
                0x0000000008002582       0x72 Drivers/STM32G4xx_HAL_Driver/Src/stm32g4xx_hal_pcd.o
                0x0000000008002582                HAL_PCD_EP_Transmit
 .text.HAL_PCD_EP_SetStall
                0x00000000080025f4       0xb4 Drivers/STM32G4xx_HAL_Driver/Src/stm32g4xx_hal_pcd.o
                0x00000000080025f4                HAL_PCD_EP_SetStall
 .text.HAL_PCD_EP_ClrStall
                0x00000000080026a8       0x9c Drivers/STM32G4xx_HAL_Driver/Src/stm32g4xx_hal_pcd.o
                0x00000000080026a8                HAL_PCD_EP_ClrStall
 .text.PCD_EP_ISR_Handler
                0x0000000008002744      0x518 Drivers/STM32G4xx_HAL_Driver/Src/stm32g4xx_hal_pcd.o
 .text.HAL_PCDEx_PMAConfig
                0x0000000008002c5c       0x7a Drivers/STM32G4xx_HAL_Driver/Src/stm32g4xx_hal_pcd_ex.o
                0x0000000008002c5c                HAL_PCDEx_PMAConfig
 .text.HAL_PCDEx_ActivateLPM
                0x0000000008002cd6       0x54 Drivers/STM32G4xx_HAL_Driver/Src/stm32g4xx_hal_pcd_ex.o
                0x0000000008002cd6                HAL_PCDEx_ActivateLPM
 *fill*         0x0000000008002d2a        0x2 
 .text.HAL_PWREx_ControlVoltageScaling
                0x0000000008002d2c      0x148 Drivers/STM32G4xx_HAL_Driver/Src/stm32g4xx_hal_pwr_ex.o
                0x0000000008002d2c                HAL_PWREx_ControlVoltageScaling
 .text.HAL_RCC_OscConfig
                0x0000000008002e74      0x630 Drivers/STM32G4xx_HAL_Driver/Src/stm32g4xx_hal_rcc.o
                0x0000000008002e74                HAL_RCC_OscConfig
 .text.HAL_RCC_ClockConfig
                0x00000000080034a4      0x278 Drivers/STM32G4xx_HAL_Driver/Src/stm32g4xx_hal_rcc.o
                0x00000000080034a4                HAL_RCC_ClockConfig
 .text.HAL_RCC_GetSysClockFreq
                0x000000000800371c       0xc4 Drivers/STM32G4xx_HAL_Driver/Src/stm32g4xx_hal_rcc.o
                0x000000000800371c                HAL_RCC_GetSysClockFreq
 .text.HAL_RCC_GetHCLKFreq
                0x00000000080037e0       0x18 Drivers/STM32G4xx_HAL_Driver/Src/stm32g4xx_hal_rcc.o
                0x00000000080037e0                HAL_RCC_GetHCLKFreq
 .text.RCC_GetSysClockFreqFromPLLSource
                0x00000000080037f8       0x8c Drivers/STM32G4xx_HAL_Driver/Src/stm32g4xx_hal_rcc.o
 .text.HAL_RCCEx_PeriphCLKConfig
                0x0000000008003884      0x3e0 Drivers/STM32G4xx_HAL_Driver/Src/stm32g4xx_hal_rcc_ex.o
                0x0000000008003884                HAL_RCCEx_PeriphCLKConfig
 .text.HAL_TIM_PWM_Init
                0x0000000008003c64       0x56 Drivers/STM32G4xx_HAL_Driver/Src/stm32g4xx_hal_tim.o
                0x0000000008003c64                HAL_TIM_PWM_Init
 *fill*         0x0000000008003cba        0x2 
 .text.HAL_TIM_PWM_ConfigChannel
                0x0000000008003cbc      0x230 Drivers/STM32G4xx_HAL_Driver/Src/stm32g4xx_hal_tim.o
                0x0000000008003cbc                HAL_TIM_PWM_ConfigChannel
 .text.TIM_Base_SetConfig
                0x0000000008003eec      0x120 Drivers/STM32G4xx_HAL_Driver/Src/stm32g4xx_hal_tim.o
                0x0000000008003eec                TIM_Base_SetConfig
 .text.TIM_OC1_SetConfig
                0x000000000800400c      0x120 Drivers/STM32G4xx_HAL_Driver/Src/stm32g4xx_hal_tim.o
 .text.TIM_OC2_SetConfig
                0x000000000800412c      0x114 Drivers/STM32G4xx_HAL_Driver/Src/stm32g4xx_hal_tim.o
                0x000000000800412c                TIM_OC2_SetConfig
 .text.TIM_OC3_SetConfig
                0x0000000008004240      0x110 Drivers/STM32G4xx_HAL_Driver/Src/stm32g4xx_hal_tim.o
 .text.TIM_OC4_SetConfig
                0x0000000008004350      0x114 Drivers/STM32G4xx_HAL_Driver/Src/stm32g4xx_hal_tim.o
 .text.TIM_OC5_SetConfig
                0x0000000008004464       0xc8 Drivers/STM32G4xx_HAL_Driver/Src/stm32g4xx_hal_tim.o
 .text.TIM_OC6_SetConfig
                0x000000000800452c       0xcc Drivers/STM32G4xx_HAL_Driver/Src/stm32g4xx_hal_tim.o
 .text.HAL_TIMEx_MasterConfigSynchronization
                0x00000000080045f8       0xbc Drivers/STM32G4xx_HAL_Driver/Src/stm32g4xx_hal_tim_ex.o
                0x00000000080045f8                HAL_TIMEx_MasterConfigSynchronization
 .text.USB_EnableGlobalInt
                0x00000000080046b4       0x30 Drivers/STM32G4xx_HAL_Driver/Src/stm32g4xx_ll_usb.o
                0x00000000080046b4                USB_EnableGlobalInt
 .text.USB_DisableGlobalInt
                0x00000000080046e4       0x3a Drivers/STM32G4xx_HAL_Driver/Src/stm32g4xx_ll_usb.o
                0x00000000080046e4                USB_DisableGlobalInt
 .text.USB_DevInit
                0x000000000800471e       0x48 Drivers/STM32G4xx_HAL_Driver/Src/stm32g4xx_ll_usb.o
                0x000000000800471e                USB_DevInit
 *fill*         0x0000000008004766        0x2 
 .text.USB_ActivateEndpoint
                0x0000000008004768      0x5e0 Drivers/STM32G4xx_HAL_Driver/Src/stm32g4xx_ll_usb.o
                0x0000000008004768                USB_ActivateEndpoint
 .text.USB_DeactivateEndpoint
                0x0000000008004d48      0x32c Drivers/STM32G4xx_HAL_Driver/Src/stm32g4xx_ll_usb.o
                0x0000000008004d48                USB_DeactivateEndpoint
 .text.USB_EPStartXfer
                0x0000000008005074      0x570 Drivers/STM32G4xx_HAL_Driver/Src/stm32g4xx_ll_usb.o
                0x0000000008005074                USB_EPStartXfer
 .text.USB_EPSetStall
                0x00000000080055e4       0x84 Drivers/STM32G4xx_HAL_Driver/Src/stm32g4xx_ll_usb.o
                0x00000000080055e4                USB_EPSetStall
 .text.USB_EPClearStall
                0x0000000008005668      0x128 Drivers/STM32G4xx_HAL_Driver/Src/stm32g4xx_ll_usb.o
                0x0000000008005668                USB_EPClearStall
 .text.USB_SetDevAddress
                0x0000000008005790       0x28 Drivers/STM32G4xx_HAL_Driver/Src/stm32g4xx_ll_usb.o
                0x0000000008005790                USB_SetDevAddress
 .text.USB_DevConnect
                0x00000000080057b8       0x2e Drivers/STM32G4xx_HAL_Driver/Src/stm32g4xx_ll_usb.o
                0x00000000080057b8                USB_DevConnect
 .text.USB_ReadInterrupts
                0x00000000080057e6       0x20 Drivers/STM32G4xx_HAL_Driver/Src/stm32g4xx_ll_usb.o
                0x00000000080057e6                USB_ReadInterrupts
 .text.USB_EP0_OutStart
                0x0000000008005806       0x18 Drivers/STM32G4xx_HAL_Driver/Src/stm32g4xx_ll_usb.o
                0x0000000008005806                USB_EP0_OutStart
 .text.USB_WritePMA
                0x000000000800581e       0x82 Drivers/STM32G4xx_HAL_Driver/Src/stm32g4xx_ll_usb.o
                0x000000000800581e                USB_WritePMA
 .text.USB_ReadPMA
                0x00000000080058a0       0x98 Drivers/STM32G4xx_HAL_Driver/Src/stm32g4xx_ll_usb.o
                0x00000000080058a0                USB_ReadPMA
 .text.USBD_CDC_Init
                0x0000000008005938       0xf4 Middlewares/ST/STM32_USB_Device_Library/Class/CDC/Src/usbd_cdc.o
 .text.USBD_CDC_DeInit
                0x0000000008005a2c       0x6e Middlewares/ST/STM32_USB_Device_Library/Class/CDC/Src/usbd_cdc.o
 .text.USBD_CDC_Setup
                0x0000000008005a9a      0x140 Middlewares/ST/STM32_USB_Device_Library/Class/CDC/Src/usbd_cdc.o
 .text.USBD_CDC_DataIn
                0x0000000008005bda       0xa0 Middlewares/ST/STM32_USB_Device_Library/Class/CDC/Src/usbd_cdc.o
 .text.USBD_CDC_DataOut
                0x0000000008005c7a       0x56 Middlewares/ST/STM32_USB_Device_Library/Class/CDC/Src/usbd_cdc.o
 .text.USBD_CDC_EP0_RxReady
                0x0000000008005cd0       0x50 Middlewares/ST/STM32_USB_Device_Library/Class/CDC/Src/usbd_cdc.o
 .text.USBD_CDC_GetFSCfgDesc
                0x0000000008005d20       0x20 Middlewares/ST/STM32_USB_Device_Library/Class/CDC/Src/usbd_cdc.o
 .text.USBD_CDC_GetHSCfgDesc
                0x0000000008005d40       0x20 Middlewares/ST/STM32_USB_Device_Library/Class/CDC/Src/usbd_cdc.o
 .text.USBD_CDC_GetOtherSpeedCfgDesc
                0x0000000008005d60       0x20 Middlewares/ST/STM32_USB_Device_Library/Class/CDC/Src/usbd_cdc.o
 .text.USBD_CDC_GetDeviceQualifierDescriptor
                0x0000000008005d80       0x20 Middlewares/ST/STM32_USB_Device_Library/Class/CDC/Src/usbd_cdc.o
                0x0000000008005d80                USBD_CDC_GetDeviceQualifierDescriptor
 .text.USBD_CDC_RegisterInterface
                0x0000000008005da0       0x2e Middlewares/ST/STM32_USB_Device_Library/Class/CDC/Src/usbd_cdc.o
                0x0000000008005da0                USBD_CDC_RegisterInterface
 .text.USBD_CDC_SetTxBuffer
                0x0000000008005dce       0x34 Middlewares/ST/STM32_USB_Device_Library/Class/CDC/Src/usbd_cdc.o
                0x0000000008005dce                USBD_CDC_SetTxBuffer
 .text.USBD_CDC_SetRxBuffer
                0x0000000008005e02       0x28 Middlewares/ST/STM32_USB_Device_Library/Class/CDC/Src/usbd_cdc.o
                0x0000000008005e02                USBD_CDC_SetRxBuffer
 .text.USBD_CDC_TransmitPacket
                0x0000000008005e2a       0x5e Middlewares/ST/STM32_USB_Device_Library/Class/CDC/Src/usbd_cdc.o
                0x0000000008005e2a                USBD_CDC_TransmitPacket
 .text.USBD_CDC_ReceivePacket
                0x0000000008005e88       0x54 Middlewares/ST/STM32_USB_Device_Library/Class/CDC/Src/usbd_cdc.o
                0x0000000008005e88                USBD_CDC_ReceivePacket
 .text.USBD_Init
                0x0000000008005edc       0x56 Middlewares/ST/STM32_USB_Device_Library/Core/Src/usbd_core.o
                0x0000000008005edc                USBD_Init
 .text.USBD_RegisterClass
                0x0000000008005f32       0x34 Middlewares/ST/STM32_USB_Device_Library/Core/Src/usbd_core.o
                0x0000000008005f32                USBD_RegisterClass
 .text.USBD_Start
                0x0000000008005f66       0x18 Middlewares/ST/STM32_USB_Device_Library/Core/Src/usbd_core.o
                0x0000000008005f66                USBD_Start
 .text.USBD_RunTestMode
                0x0000000008005f7e       0x16 Middlewares/ST/STM32_USB_Device_Library/Core/Src/usbd_core.o
                0x0000000008005f7e                USBD_RunTestMode
 .text.USBD_SetClassConfig
                0x0000000008005f94       0x3e Middlewares/ST/STM32_USB_Device_Library/Core/Src/usbd_core.o
                0x0000000008005f94                USBD_SetClassConfig
 .text.USBD_ClrClassConfig
                0x0000000008005fd2       0x26 Middlewares/ST/STM32_USB_Device_Library/Core/Src/usbd_core.o
                0x0000000008005fd2                USBD_ClrClassConfig
 .text.USBD_LL_SetupStage
                0x0000000008005ff8       0x96 Middlewares/ST/STM32_USB_Device_Library/Core/Src/usbd_core.o
                0x0000000008005ff8                USBD_LL_SetupStage
 .text.USBD_LL_DataOutStage
                0x000000000800608e       0xe2 Middlewares/ST/STM32_USB_Device_Library/Core/Src/usbd_core.o
                0x000000000800608e                USBD_LL_DataOutStage
 .text.USBD_LL_DataInStage
                0x0000000008006170      0x14a Middlewares/ST/STM32_USB_Device_Library/Core/Src/usbd_core.o
                0x0000000008006170                USBD_LL_DataInStage
 .text.USBD_LL_Reset
                0x00000000080062ba       0x82 Middlewares/ST/STM32_USB_Device_Library/Core/Src/usbd_core.o
                0x00000000080062ba                USBD_LL_Reset
 .text.USBD_LL_SetSpeed
                0x000000000800633c       0x20 Middlewares/ST/STM32_USB_Device_Library/Core/Src/usbd_core.o
                0x000000000800633c                USBD_LL_SetSpeed
 .text.USBD_LL_Suspend
                0x000000000800635c       0x2a Middlewares/ST/STM32_USB_Device_Library/Core/Src/usbd_core.o
                0x000000000800635c                USBD_LL_Suspend
 .text.USBD_LL_Resume
                0x0000000008006386       0x2c Middlewares/ST/STM32_USB_Device_Library/Core/Src/usbd_core.o
                0x0000000008006386                USBD_LL_Resume
 .text.USBD_LL_SOF
                0x00000000080063b2       0x34 Middlewares/ST/STM32_USB_Device_Library/Core/Src/usbd_core.o
                0x00000000080063b2                USBD_LL_SOF
 *fill*         0x00000000080063e6        0x2 
 .text.USBD_StdDevReq
                0x00000000080063e8       0xd4 Middlewares/ST/STM32_USB_Device_Library/Core/Src/usbd_ctlreq.o
                0x00000000080063e8                USBD_StdDevReq
 .text.USBD_StdItfReq
                0x00000000080064bc       0x8c Middlewares/ST/STM32_USB_Device_Library/Core/Src/usbd_ctlreq.o
                0x00000000080064bc                USBD_StdItfReq
 .text.USBD_StdEPReq
                0x0000000008006548      0x2ba Middlewares/ST/STM32_USB_Device_Library/Core/Src/usbd_ctlreq.o
                0x0000000008006548                USBD_StdEPReq
 *fill*         0x0000000008006802        0x2 
 .text.USBD_GetDescriptor
                0x0000000008006804      0x324 Middlewares/ST/STM32_USB_Device_Library/Core/Src/usbd_ctlreq.o
 .text.USBD_SetAddress
                0x0000000008006b28       0x84 Middlewares/ST/STM32_USB_Device_Library/Core/Src/usbd_ctlreq.o
 .text.USBD_SetConfig
                0x0000000008006bac      0x11c Middlewares/ST/STM32_USB_Device_Library/Core/Src/usbd_ctlreq.o
 .text.USBD_GetConfig
                0x0000000008006cc8       0x68 Middlewares/ST/STM32_USB_Device_Library/Core/Src/usbd_ctlreq.o
 .text.USBD_GetStatus
                0x0000000008006d30       0x66 Middlewares/ST/STM32_USB_Device_Library/Core/Src/usbd_ctlreq.o
 .text.USBD_SetFeature
                0x0000000008006d96       0x28 Middlewares/ST/STM32_USB_Device_Library/Core/Src/usbd_ctlreq.o
 .text.USBD_ClrFeature
                0x0000000008006dbe       0x42 Middlewares/ST/STM32_USB_Device_Library/Core/Src/usbd_ctlreq.o
 .text.USBD_ParseSetupRequest
                0x0000000008006e00       0x7a Middlewares/ST/STM32_USB_Device_Library/Core/Src/usbd_ctlreq.o
                0x0000000008006e00                USBD_ParseSetupRequest
 .text.USBD_CtlError
                0x0000000008006e7a       0x22 Middlewares/ST/STM32_USB_Device_Library/Core/Src/usbd_ctlreq.o
                0x0000000008006e7a                USBD_CtlError
 .text.USBD_GetString
                0x0000000008006e9c       0x84 Middlewares/ST/STM32_USB_Device_Library/Core/Src/usbd_ctlreq.o
                0x0000000008006e9c                USBD_GetString
 .text.USBD_GetLen
                0x0000000008006f20       0x30 Middlewares/ST/STM32_USB_Device_Library/Core/Src/usbd_ctlreq.o
 .text.USBD_CtlSendData
                0x0000000008006f50       0x38 Middlewares/ST/STM32_USB_Device_Library/Core/Src/usbd_ioreq.o
                0x0000000008006f50                USBD_CtlSendData
 .text.USBD_CtlContinueSendData
                0x0000000008006f88       0x24 Middlewares/ST/STM32_USB_Device_Library/Core/Src/usbd_ioreq.o
                0x0000000008006f88                USBD_CtlContinueSendData
 .text.USBD_CtlPrepareRx
                0x0000000008006fac       0x3c Middlewares/ST/STM32_USB_Device_Library/Core/Src/usbd_ioreq.o
                0x0000000008006fac                USBD_CtlPrepareRx
 .text.USBD_CtlContinueRx
                0x0000000008006fe8       0x24 Middlewares/ST/STM32_USB_Device_Library/Core/Src/usbd_ioreq.o
                0x0000000008006fe8                USBD_CtlContinueRx
 .text.USBD_CtlSendStatus
                0x000000000800700c       0x26 Middlewares/ST/STM32_USB_Device_Library/Core/Src/usbd_ioreq.o
                0x000000000800700c                USBD_CtlSendStatus
 .text.USBD_CtlReceiveStatus
                0x0000000008007032       0x26 Middlewares/ST/STM32_USB_Device_Library/Core/Src/usbd_ioreq.o
                0x0000000008007032                USBD_CtlReceiveStatus
 .text.MX_ADC1_Init
                0x0000000008007058       0xec Src/adc.o
                0x0000000008007058                MX_ADC1_Init
 .text.MX_ADC2_Init
                0x0000000008007144       0xc8 Src/adc.o
                0x0000000008007144                MX_ADC2_Init
 .text.HAL_ADC_MspInit
                0x000000000800720c      0x194 Src/adc.o
                0x000000000800720c                HAL_ADC_MspInit
 .text.MX_CORDIC_Init
                0x00000000080073a0       0x28 Src/cordic.o
                0x00000000080073a0                MX_CORDIC_Init
 .text.HAL_CORDIC_MspInit
                0x00000000080073c8       0x40 Src/cordic.o
                0x00000000080073c8                HAL_CORDIC_MspInit
 .text.MX_DAC1_Init
                0x0000000008007408       0x74 Src/dac.o
                0x0000000008007408                MX_DAC1_Init
 .text.HAL_DAC_MspInit
                0x000000000800747c       0x7c Src/dac.o
                0x000000000800747c                HAL_DAC_MspInit
 .text.MX_GPIO_Init
                0x00000000080074f8       0x98 Src/gpio.o
                0x00000000080074f8                MX_GPIO_Init
 .text.MX_I2C1_Init
                0x0000000008007590       0x80 Src/i2c.o
                0x0000000008007590                MX_I2C1_Init
 .text.HAL_I2C_MspInit
                0x0000000008007610       0xc4 Src/i2c.o
                0x0000000008007610                HAL_I2C_MspInit
 .text.main     0x00000000080076d4       0xb4 Src/main.o
                0x00000000080076d4                main
 .text.SystemClock_Config
                0x0000000008007788       0xd8 Src/main.o
                0x0000000008007788                SystemClock_Config
 .text.Error_Handler
                0x0000000008007860        0xe Src/main.o
                0x0000000008007860                Error_Handler
 *fill*         0x000000000800786e        0x2 
 .text.LL_PWR_DisableDeadBatteryPD
                0x0000000008007870       0x20 Src/stm32g4xx_hal_msp.o
 .text.HAL_MspInit
                0x0000000008007890       0x48 Src/stm32g4xx_hal_msp.o
                0x0000000008007890                HAL_MspInit
 .text.NMI_Handler
                0x00000000080078d8        0xe Src/stm32g4xx_it.o
                0x00000000080078d8                NMI_Handler
 .text.HardFault_Handler
                0x00000000080078e6        0x6 Src/stm32g4xx_it.o
                0x00000000080078e6                HardFault_Handler
 .text.MemManage_Handler
                0x00000000080078ec        0x6 Src/stm32g4xx_it.o
                0x00000000080078ec                MemManage_Handler
 .text.BusFault_Handler
                0x00000000080078f2        0x6 Src/stm32g4xx_it.o
                0x00000000080078f2                BusFault_Handler
 .text.UsageFault_Handler
                0x00000000080078f8        0x6 Src/stm32g4xx_it.o
                0x00000000080078f8                UsageFault_Handler
 .text.SVC_Handler
                0x00000000080078fe        0xe Src/stm32g4xx_it.o
                0x00000000080078fe                SVC_Handler
 .text.DebugMon_Handler
                0x000000000800790c        0xe Src/stm32g4xx_it.o
                0x000000000800790c                DebugMon_Handler
 .text.PendSV_Handler
                0x000000000800791a        0xe Src/stm32g4xx_it.o
                0x000000000800791a                PendSV_Handler
 .text.SysTick_Handler
                0x0000000008007928        0xc Src/stm32g4xx_it.o
                0x0000000008007928                SysTick_Handler
 .text.USB_LP_IRQHandler
                0x0000000008007934       0x14 Src/stm32g4xx_it.o
                0x0000000008007934                USB_LP_IRQHandler
 .text.SystemInit
                0x0000000008007948       0x2c Src/system_stm32g4xx.o
                0x0000000008007948                SystemInit
 .text.MX_TIM2_Init
                0x0000000008007974       0xb0 Src/tim.o
                0x0000000008007974                MX_TIM2_Init
 .text.HAL_TIM_PWM_MspInit
                0x0000000008007a24       0x3c Src/tim.o
                0x0000000008007a24                HAL_TIM_PWM_MspInit
 .text.HAL_TIM_MspPostInit
                0x0000000008007a60       0x6c Src/tim.o
                0x0000000008007a60                HAL_TIM_MspPostInit
 .text.MX_USB_Device_Init
                0x0000000008007acc       0x60 Src/usb_device.o
                0x0000000008007acc                MX_USB_Device_Init
 .text.CDC_Init_FS
                0x0000000008007b2c       0x28 Src/usbd_cdc_if.o
 .text.CDC_DeInit_FS
                0x0000000008007b54       0x10 Src/usbd_cdc_if.o
 .text.CDC_Control_FS
                0x0000000008007b64       0xbc Src/usbd_cdc_if.o
 .text.CDC_Receive_FS
                0x0000000008007c20       0x28 Src/usbd_cdc_if.o
 .text.CDC_Transmit_FS
                0x0000000008007c48       0x4c Src/usbd_cdc_if.o
                0x0000000008007c48                CDC_Transmit_FS
 .text.HAL_PCD_MspInit
                0x0000000008007c94       0x94 Src/usbd_conf.o
                0x0000000008007c94                HAL_PCD_MspInit
 .text.HAL_PCD_SetupStageCallback
                0x0000000008007d28       0x24 Src/usbd_conf.o
                0x0000000008007d28                HAL_PCD_SetupStageCallback
 .text.HAL_PCD_DataOutStageCallback
                0x0000000008007d4c       0x30 Src/usbd_conf.o
                0x0000000008007d4c                HAL_PCD_DataOutStageCallback
 .text.HAL_PCD_DataInStageCallback
                0x0000000008007d7c       0x2e Src/usbd_conf.o
                0x0000000008007d7c                HAL_PCD_DataInStageCallback
 .text.HAL_PCD_SOFCallback
                0x0000000008007daa       0x1c Src/usbd_conf.o
                0x0000000008007daa                HAL_PCD_SOFCallback
 .text.HAL_PCD_ResetCallback
                0x0000000008007dc6       0x3c Src/usbd_conf.o
                0x0000000008007dc6                HAL_PCD_ResetCallback
 *fill*         0x0000000008007e02        0x2 
 .text.HAL_PCD_SuspendCallback
                0x0000000008007e04       0x34 Src/usbd_conf.o
                0x0000000008007e04                HAL_PCD_SuspendCallback
 .text.HAL_PCD_ResumeCallback
                0x0000000008007e38       0x38 Src/usbd_conf.o
                0x0000000008007e38                HAL_PCD_ResumeCallback
 .text.USBD_LL_Init
                0x0000000008007e70       0xc0 Src/usbd_conf.o
                0x0000000008007e70                USBD_LL_Init
 .text.USBD_LL_Start
                0x0000000008007f30       0x36 Src/usbd_conf.o
                0x0000000008007f30                USBD_LL_Start
 .text.USBD_LL_OpenEP
                0x0000000008007f66       0x4c Src/usbd_conf.o
                0x0000000008007f66                USBD_LL_OpenEP
 .text.USBD_LL_CloseEP
                0x0000000008007fb2       0x3e Src/usbd_conf.o
                0x0000000008007fb2                USBD_LL_CloseEP
 .text.USBD_LL_StallEP
                0x0000000008007ff0       0x3e Src/usbd_conf.o
                0x0000000008007ff0                USBD_LL_StallEP
 .text.USBD_LL_ClearStallEP
                0x000000000800802e       0x3e Src/usbd_conf.o
                0x000000000800802e                USBD_LL_ClearStallEP
 .text.USBD_LL_IsStallEP
                0x000000000800806c       0x4c Src/usbd_conf.o
                0x000000000800806c                USBD_LL_IsStallEP
 .text.USBD_LL_SetUSBAddress
                0x00000000080080b8       0x3e Src/usbd_conf.o
                0x00000000080080b8                USBD_LL_SetUSBAddress
 .text.USBD_LL_Transmit
                0x00000000080080f6       0x46 Src/usbd_conf.o
                0x00000000080080f6                USBD_LL_Transmit
 .text.USBD_LL_PrepareReceive
                0x000000000800813c       0x46 Src/usbd_conf.o
                0x000000000800813c                USBD_LL_PrepareReceive
 .text.USBD_LL_GetRxDataSize
                0x0000000008008182       0x26 Src/usbd_conf.o
                0x0000000008008182                USBD_LL_GetRxDataSize
 .text.HAL_PCDEx_LPM_Callback
                0x00000000080081a8       0x6c Src/usbd_conf.o
                0x00000000080081a8                HAL_PCDEx_LPM_Callback
 .text.USBD_static_malloc
                0x0000000008008214       0x1c Src/usbd_conf.o
                0x0000000008008214                USBD_static_malloc
 .text.USBD_static_free
                0x0000000008008230       0x14 Src/usbd_conf.o
                0x0000000008008230                USBD_static_free
 .text.SystemClockConfig_Resume
                0x0000000008008244        0xc Src/usbd_conf.o
 .text.USBD_Get_USB_Status
                0x0000000008008250       0x58 Src/usbd_conf.o
 .text.USBD_CDC_DeviceDescriptor
                0x00000000080082a8       0x24 Src/usbd_desc.o
                0x00000000080082a8                USBD_CDC_DeviceDescriptor
 .text.USBD_CDC_LangIDStrDescriptor
                0x00000000080082cc       0x24 Src/usbd_desc.o
                0x00000000080082cc                USBD_CDC_LangIDStrDescriptor
 .text.USBD_CDC_ProductStrDescriptor
                0x00000000080082f0       0x3c Src/usbd_desc.o
                0x00000000080082f0                USBD_CDC_ProductStrDescriptor
 .text.USBD_CDC_ManufacturerStrDescriptor
                0x000000000800832c       0x28 Src/usbd_desc.o
                0x000000000800832c                USBD_CDC_ManufacturerStrDescriptor
 .text.USBD_CDC_SerialStrDescriptor
                0x0000000008008354       0x24 Src/usbd_desc.o
                0x0000000008008354                USBD_CDC_SerialStrDescriptor
 .text.USBD_CDC_ConfigStrDescriptor
                0x0000000008008378       0x3c Src/usbd_desc.o
                0x0000000008008378                USBD_CDC_ConfigStrDescriptor
 .text.USBD_CDC_InterfaceStrDescriptor
                0x00000000080083b4       0x3c Src/usbd_desc.o
                0x00000000080083b4                USBD_CDC_InterfaceStrDescriptor
 .text.Get_SerialNum
                0x00000000080083f0       0x58 Src/usbd_desc.o
 .text.IntToUnicode
                0x0000000008008448       0x7c Src/usbd_desc.o
 .text.Reset_Handler
                0x00000000080084c4       0x50 Startup/startup_stm32g431k8tx.o
                0x00000000080084c4                Reset_Handler
 .text.Default_Handler
                0x0000000008008514        0x2 Startup/startup_stm32g431k8tx.o
                0x0000000008008514                RTC_Alarm_IRQHandler
                0x0000000008008514                EXTI2_IRQHandler
                0x0000000008008514                TIM8_TRG_COM_IRQHandler
                0x0000000008008514                TIM8_CC_IRQHandler
                0x0000000008008514                TIM1_CC_IRQHandler
                0x0000000008008514                USB_HP_IRQHandler
                0x0000000008008514                CORDIC_IRQHandler
                0x0000000008008514                EXTI3_IRQHandler
                0x0000000008008514                I2C3_ER_IRQHandler
                0x0000000008008514                EXTI0_IRQHandler
                0x0000000008008514                I2C2_EV_IRQHandler
                0x0000000008008514                FPU_IRQHandler
                0x0000000008008514                FDCAN1_IT1_IRQHandler
                0x0000000008008514                TIM1_UP_TIM16_IRQHandler
                0x0000000008008514                ADC1_2_IRQHandler
                0x0000000008008514                SPI1_IRQHandler
                0x0000000008008514                TIM6_DAC_IRQHandler
                0x0000000008008514                TIM8_UP_IRQHandler
                0x0000000008008514                DMA2_Channel2_IRQHandler
                0x0000000008008514                DMA1_Channel4_IRQHandler
                0x0000000008008514                USART3_IRQHandler
                0x0000000008008514                TIM4_IRQHandler
                0x0000000008008514                DMA2_Channel1_IRQHandler
                0x0000000008008514                I2C1_EV_IRQHandler
                0x0000000008008514                DMA1_Channel6_IRQHandler
                0x0000000008008514                UART4_IRQHandler
                0x0000000008008514                DMA2_Channel4_IRQHandler
                0x0000000008008514                TIM3_IRQHandler
                0x0000000008008514                RCC_IRQHandler
                0x0000000008008514                DMA1_Channel1_IRQHandler
                0x0000000008008514                Default_Handler
                0x0000000008008514                RTC_TAMP_LSECSS_IRQHandler
                0x0000000008008514                FMAC_IRQHandler
                0x0000000008008514                EXTI15_10_IRQHandler
                0x0000000008008514                TIM7_IRQHandler
                0x0000000008008514                UCPD1_IRQHandler
                0x0000000008008514                I2C3_EV_IRQHandler
                0x0000000008008514                EXTI9_5_IRQHandler
                0x0000000008008514                RTC_WKUP_IRQHandler
                0x0000000008008514                PVD_PVM_IRQHandler
                0x0000000008008514                SPI2_IRQHandler
                0x0000000008008514                DMA2_Channel5_IRQHandler
                0x0000000008008514                CRS_IRQHandler
                0x0000000008008514                DMA1_Channel5_IRQHandler
                0x0000000008008514                EXTI4_IRQHandler
                0x0000000008008514                RNG_IRQHandler
                0x0000000008008514                TIM1_TRG_COM_TIM17_IRQHandler
                0x0000000008008514                DMA1_Channel3_IRQHandler
                0x0000000008008514                WWDG_IRQHandler
                0x0000000008008514                LPUART1_IRQHandler
                0x0000000008008514                DMA2_Channel6_IRQHandler
                0x0000000008008514                FDCAN1_IT0_IRQHandler
                0x0000000008008514                TIM2_IRQHandler
                0x0000000008008514                COMP1_2_3_IRQHandler
                0x0000000008008514                EXTI1_IRQHandler
                0x0000000008008514                USART2_IRQHandler
                0x0000000008008514                I2C2_ER_IRQHandler
                0x0000000008008514                DMA1_Channel2_IRQHandler
                0x0000000008008514                TIM8_BRK_IRQHandler
                0x0000000008008514                FLASH_IRQHandler
                0x0000000008008514                USART1_IRQHandler
                0x0000000008008514                SPI3_IRQHandler
                0x0000000008008514                I2C1_ER_IRQHandler
                0x0000000008008514                LPTIM1_IRQHandler
                0x0000000008008514                DMAMUX_OVR_IRQHandler
                0x0000000008008514                USBWakeUp_IRQHandler
                0x0000000008008514                SAI1_IRQHandler
                0x0000000008008514                DMA2_Channel3_IRQHandler
                0x0000000008008514                COMP4_IRQHandler
                0x0000000008008514                TIM1_BRK_TIM15_IRQHandler
 *fill*         0x0000000008008516        0x2 
 .text.__libc_init_array
                0x0000000008008518       0x48 c:/st/stm32cubeide_1.0.2/stm32cubeide/plugins/com.st.stm32cube.ide.mcu.externaltools.gnu-tools-for-stm32.7-2018-q2-update.win32_1.0.0.201904181610/tools/bin/../lib/gcc/arm-none-eabi/7.3.1/../../../../arm-none-eabi/lib/thumb/v7e-m/fpv4-sp/hard\libc_nano.a(lib_a-init.o)
                0x0000000008008518                __libc_init_array
 .text.memset   0x0000000008008560       0x10 c:/st/stm32cubeide_1.0.2/stm32cubeide/plugins/com.st.stm32cube.ide.mcu.externaltools.gnu-tools-for-stm32.7-2018-q2-update.win32_1.0.0.201904181610/tools/bin/../lib/gcc/arm-none-eabi/7.3.1/../../../../arm-none-eabi/lib/thumb/v7e-m/fpv4-sp/hard\libc_nano.a(lib_a-memset.o)
                0x0000000008008560                memset
 *(.glue_7)
 .glue_7        0x0000000008008570        0x0 linker stubs
 *(.glue_7t)
 .glue_7t       0x0000000008008570        0x0 linker stubs
 *(.eh_frame)
 .eh_frame      0x0000000008008570        0x0 c:/st/stm32cubeide_1.0.2/stm32cubeide/plugins/com.st.stm32cube.ide.mcu.externaltools.gnu-tools-for-stm32.7-2018-q2-update.win32_1.0.0.201904181610/tools/bin/../lib/gcc/arm-none-eabi/7.3.1/thumb/v7e-m/fpv4-sp/hard/crtbegin.o
 *(.init)
 .init          0x0000000008008570        0x4 c:/st/stm32cubeide_1.0.2/stm32cubeide/plugins/com.st.stm32cube.ide.mcu.externaltools.gnu-tools-for-stm32.7-2018-q2-update.win32_1.0.0.201904181610/tools/bin/../lib/gcc/arm-none-eabi/7.3.1/thumb/v7e-m/fpv4-sp/hard/crti.o
                0x0000000008008570                _init
 .init          0x0000000008008574        0x8 c:/st/stm32cubeide_1.0.2/stm32cubeide/plugins/com.st.stm32cube.ide.mcu.externaltools.gnu-tools-for-stm32.7-2018-q2-update.win32_1.0.0.201904181610/tools/bin/../lib/gcc/arm-none-eabi/7.3.1/thumb/v7e-m/fpv4-sp/hard/crtn.o
 *(.fini)
 .fini          0x000000000800857c        0x4 c:/st/stm32cubeide_1.0.2/stm32cubeide/plugins/com.st.stm32cube.ide.mcu.externaltools.gnu-tools-for-stm32.7-2018-q2-update.win32_1.0.0.201904181610/tools/bin/../lib/gcc/arm-none-eabi/7.3.1/thumb/v7e-m/fpv4-sp/hard/crti.o
                0x000000000800857c                _fini
 .fini          0x0000000008008580        0x8 c:/st/stm32cubeide_1.0.2/stm32cubeide/plugins/com.st.stm32cube.ide.mcu.externaltools.gnu-tools-for-stm32.7-2018-q2-update.win32_1.0.0.201904181610/tools/bin/../lib/gcc/arm-none-eabi/7.3.1/thumb/v7e-m/fpv4-sp/hard/crtn.o
                0x0000000008008588                . = ALIGN (0x4)
                0x0000000008008588                _etext = .

.vfp11_veneer   0x0000000008008588        0x0
 .vfp11_veneer  0x0000000008008588        0x0 linker stubs

.v4_bx          0x0000000008008588        0x0
 .v4_bx         0x0000000008008588        0x0 linker stubs

.iplt           0x0000000008008588        0x0
 .iplt          0x0000000008008588        0x0 c:/st/stm32cubeide_1.0.2/stm32cubeide/plugins/com.st.stm32cube.ide.mcu.externaltools.gnu-tools-for-stm32.7-2018-q2-update.win32_1.0.0.201904181610/tools/bin/../lib/gcc/arm-none-eabi/7.3.1/thumb/v7e-m/fpv4-sp/hard/crtbegin.o

.rodata         0x0000000008008588       0x58
                0x0000000008008588                . = ALIGN (0x4)
 *(.rodata)
 .rodata        0x0000000008008588       0x46 Src/usbd_desc.o
 *(.rodata*)
 *fill*         0x00000000080085ce        0x2 
 .rodata.AHBPrescTable
                0x00000000080085d0       0x10 Src/system_stm32g4xx.o
                0x00000000080085d0                AHBPrescTable
                0x00000000080085e0                . = ALIGN (0x4)

.rel.dyn        0x00000000080085e0        0x0
 .rel.iplt      0x00000000080085e0        0x0 c:/st/stm32cubeide_1.0.2/stm32cubeide/plugins/com.st.stm32cube.ide.mcu.externaltools.gnu-tools-for-stm32.7-2018-q2-update.win32_1.0.0.201904181610/tools/bin/../lib/gcc/arm-none-eabi/7.3.1/thumb/v7e-m/fpv4-sp/hard/crtbegin.o

.ARM.extab      0x00000000080085e0        0x0
                0x00000000080085e0                . = ALIGN (0x4)
 *(.ARM.extab* .gnu.linkonce.armextab.*)
                0x00000000080085e0                . = ALIGN (0x4)

.ARM            0x00000000080085e0        0x0
                0x00000000080085e0                . = ALIGN (0x4)
                0x00000000080085e0                __exidx_start = .
 *(.ARM.exidx*)
                0x00000000080085e0                __exidx_end = .
                0x00000000080085e0                . = ALIGN (0x4)

.preinit_array  0x00000000080085e0        0x0
                0x00000000080085e0                . = ALIGN (0x4)
                0x00000000080085e0                PROVIDE (__preinit_array_start = .)
 *(.preinit_array*)
                0x00000000080085e0                PROVIDE (__preinit_array_end = .)
                0x00000000080085e0                . = ALIGN (0x4)

.init_array     0x00000000080085e0        0x4
                0x00000000080085e0                . = ALIGN (0x4)
                0x00000000080085e0                PROVIDE (__init_array_start = .)
 *(SORT_BY_NAME(.init_array.*))
 *(.init_array*)
 .init_array    0x00000000080085e0        0x4 c:/st/stm32cubeide_1.0.2/stm32cubeide/plugins/com.st.stm32cube.ide.mcu.externaltools.gnu-tools-for-stm32.7-2018-q2-update.win32_1.0.0.201904181610/tools/bin/../lib/gcc/arm-none-eabi/7.3.1/thumb/v7e-m/fpv4-sp/hard/crtbegin.o
                0x00000000080085e4                PROVIDE (__init_array_end = .)
                0x00000000080085e4                . = ALIGN (0x4)

.fini_array     0x00000000080085e4        0x4
                0x00000000080085e4                . = ALIGN (0x4)
                [!provide]                        PROVIDE (__fini_array_start = .)
 *(SORT_BY_NAME(.fini_array.*))
 *(.fini_array*)
 .fini_array    0x00000000080085e4        0x4 c:/st/stm32cubeide_1.0.2/stm32cubeide/plugins/com.st.stm32cube.ide.mcu.externaltools.gnu-tools-for-stm32.7-2018-q2-update.win32_1.0.0.201904181610/tools/bin/../lib/gcc/arm-none-eabi/7.3.1/thumb/v7e-m/fpv4-sp/hard/crtbegin.o
                [!provide]                        PROVIDE (__fini_array_end = .)
                0x00000000080085e8                . = ALIGN (0x4)
                0x00000000080085e8                _sidata = LOADADDR (.data)

.data           0x0000000020000000      0x180 load address 0x00000000080085e8
                0x0000000020000000                . = ALIGN (0x4)
                0x0000000020000000                _sdata = .
 *(.data)
 *(.data*)
 .data.uwTickPrio
                0x0000000020000000        0x4 Drivers/STM32G4xx_HAL_Driver/Src/stm32g4xx_hal.o
                0x0000000020000000                uwTickPrio
 .data.uwTickFreq
                0x0000000020000004        0x4 Drivers/STM32G4xx_HAL_Driver/Src/stm32g4xx_hal.o
                0x0000000020000004                uwTickFreq
 .data.USBD_CDC_DeviceQualifierDesc
                0x0000000020000008        0xa Middlewares/ST/STM32_USB_Device_Library/Class/CDC/Src/usbd_cdc.o
 *fill*         0x0000000020000012        0x2 
 .data.USBD_CDC
                0x0000000020000014       0x38 Middlewares/ST/STM32_USB_Device_Library/Class/CDC/Src/usbd_cdc.o
                0x0000000020000014                USBD_CDC
 .data.USBD_CDC_CfgHSDesc
                0x000000002000004c       0x43 Middlewares/ST/STM32_USB_Device_Library/Class/CDC/Src/usbd_cdc.o
                0x000000002000004c                USBD_CDC_CfgHSDesc
 *fill*         0x000000002000008f        0x1 
 .data.USBD_CDC_CfgFSDesc
                0x0000000020000090       0x43 Middlewares/ST/STM32_USB_Device_Library/Class/CDC/Src/usbd_cdc.o
                0x0000000020000090                USBD_CDC_CfgFSDesc
 *fill*         0x00000000200000d3        0x1 
 .data.USBD_CDC_OtherSpeedCfgDesc
                0x00000000200000d4       0x43 Middlewares/ST/STM32_USB_Device_Library/Class/CDC/Src/usbd_cdc.o
                0x00000000200000d4                USBD_CDC_OtherSpeedCfgDesc
 *fill*         0x0000000020000117        0x1 
 .data.SystemCoreClock
                0x0000000020000118        0x4 Src/system_stm32g4xx.o
                0x0000000020000118                SystemCoreClock
 .data.USBD_Interface_fops_FS
                0x000000002000011c       0x10 Src/usbd_cdc_if.o
                0x000000002000011c                USBD_Interface_fops_FS
 .data.CDC_Desc
                0x000000002000012c       0x20 Src/usbd_desc.o
                0x000000002000012c                CDC_Desc
 .data.USBD_CDC_DeviceDesc
                0x000000002000014c       0x12 Src/usbd_desc.o
                0x000000002000014c                USBD_CDC_DeviceDesc
 *fill*         0x000000002000015e        0x2 
 .data.USBD_LangIDDesc
                0x0000000020000160        0x4 Src/usbd_desc.o
                0x0000000020000160                USBD_LangIDDesc
 .data.USBD_StringSerial
                0x0000000020000164       0x1a Src/usbd_desc.o
                0x0000000020000164                USBD_StringSerial
                0x0000000020000180                . = ALIGN (0x4)
 *fill*         0x000000002000017e        0x2 
                0x0000000020000180                _edata = .

.igot.plt       0x0000000020000180        0x0 load address 0x0000000008008768
 .igot.plt      0x0000000020000180        0x0 c:/st/stm32cubeide_1.0.2/stm32cubeide/plugins/com.st.stm32cube.ide.mcu.externaltools.gnu-tools-for-stm32.7-2018-q2-update.win32_1.0.0.201904181610/tools/bin/../lib/gcc/arm-none-eabi/7.3.1/thumb/v7e-m/fpv4-sp/hard/crtbegin.o
                0x0000000020000180                . = ALIGN (0x4)

.bss            0x0000000020000180      0xb28 load address 0x0000000008008768
                0x0000000020000180                _sbss = .
                0x0000000020000180                __bss_start__ = _sbss
 *(.bss)
 .bss           0x0000000020000180       0x1c c:/st/stm32cubeide_1.0.2/stm32cubeide/plugins/com.st.stm32cube.ide.mcu.externaltools.gnu-tools-for-stm32.7-2018-q2-update.win32_1.0.0.201904181610/tools/bin/../lib/gcc/arm-none-eabi/7.3.1/thumb/v7e-m/fpv4-sp/hard/crtbegin.o
 *(.bss*)
 .bss.cfgidx.11803
                0x000000002000019c        0x1 Middlewares/ST/STM32_USB_Device_Library/Core/Src/usbd_ctlreq.o
 *fill*         0x000000002000019d        0x3 
 .bss.HAL_RCC_ADC12_CLK_ENABLED
                0x00000000200001a0        0x4 Src/adc.o
 .bss.mem.11880
                0x00000000200001a4      0x220 Src/usbd_conf.o
 *(COMMON)
 COMMON         0x00000000200003c4        0x4 Drivers/STM32G4xx_HAL_Driver/Src/stm32g4xx_hal.o
                0x00000000200003c4                uwTick
 COMMON         0x00000000200003c8       0xd8 Src/adc.o
                0x00000000200003c8                hadc2
                0x0000000020000434                hadc1
 COMMON         0x00000000200004a0       0x28 Src/cordic.o
                0x00000000200004a0                hcordic
 COMMON         0x00000000200004c8       0x14 Src/dac.o
                0x00000000200004c8                hdac1
 COMMON         0x00000000200004dc       0x4c Src/i2c.o
                0x00000000200004dc                hi2c1
 COMMON         0x0000000020000528       0x40 Src/tim.o
                0x0000000020000528                htim2
 COMMON         0x0000000020000568      0x2c4 Src/usb_device.o
                0x0000000020000568                hUsbDeviceFS
 COMMON         0x000000002000082c        0x8 Src/usbd_cdc_if.o
                0x000000002000082c                UserRxBufferFS
                0x0000000020000830                UserTxBufferFS
 COMMON         0x0000000020000834      0x274 Src/usbd_conf.o
                0x0000000020000834                hpcd_USB_FS
 COMMON         0x0000000020000aa8      0x200 Src/usbd_desc.o
                0x0000000020000aa8                USBD_StrDesc
                0x0000000020000ca8                . = ALIGN (0x4)
                0x0000000020000ca8                _ebss = .
                0x0000000020000ca8                __bss_end__ = _ebss

._user_heap_stack
                0x0000000020000ca8      0x600 load address 0x0000000008008768
                0x0000000020000ca8                . = ALIGN (0x8)
                0x0000000020000ca8                PROVIDE (end = .)
                [!provide]                        PROVIDE (_end = .)
                0x0000000020000ea8                . = (. + _Min_Heap_Size)
 *fill*         0x0000000020000ca8      0x200 
                0x00000000200012a8                . = (. + _Min_Stack_Size)
 *fill*         0x0000000020000ea8      0x400 
                0x00000000200012a8                . = ALIGN (0x8)

/DISCARD/
 libc.a(*)
 libm.a(*)
 libgcc.a(*)

.ARM.attributes
                0x0000000000000000       0x30
 *(.ARM.attributes)
 .ARM.attributes
                0x0000000000000000       0x22 c:/st/stm32cubeide_1.0.2/stm32cubeide/plugins/com.st.stm32cube.ide.mcu.externaltools.gnu-tools-for-stm32.7-2018-q2-update.win32_1.0.0.201904181610/tools/bin/../lib/gcc/arm-none-eabi/7.3.1/thumb/v7e-m/fpv4-sp/hard/crti.o
 .ARM.attributes
                0x0000000000000022       0x34 c:/st/stm32cubeide_1.0.2/stm32cubeide/plugins/com.st.stm32cube.ide.mcu.externaltools.gnu-tools-for-stm32.7-2018-q2-update.win32_1.0.0.201904181610/tools/bin/../lib/gcc/arm-none-eabi/7.3.1/thumb/v7e-m/fpv4-sp/hard/crtbegin.o
 .ARM.attributes
                0x0000000000000056       0x39 Drivers/STM32G4xx_HAL_Driver/Src/stm32g4xx_hal.o
 .ARM.attributes
                0x000000000000008f       0x39 Drivers/STM32G4xx_HAL_Driver/Src/stm32g4xx_hal_adc.o
 .ARM.attributes
                0x00000000000000c8       0x39 Drivers/STM32G4xx_HAL_Driver/Src/stm32g4xx_hal_adc_ex.o
 .ARM.attributes
                0x0000000000000101       0x39 Drivers/STM32G4xx_HAL_Driver/Src/stm32g4xx_hal_cordic.o
 .ARM.attributes
                0x000000000000013a       0x39 Drivers/STM32G4xx_HAL_Driver/Src/stm32g4xx_hal_cortex.o
 .ARM.attributes
                0x0000000000000173       0x39 Drivers/STM32G4xx_HAL_Driver/Src/stm32g4xx_hal_dac.o
 .ARM.attributes
                0x00000000000001ac       0x39 Drivers/STM32G4xx_HAL_Driver/Src/stm32g4xx_hal_gpio.o
 .ARM.attributes
                0x00000000000001e5       0x39 Drivers/STM32G4xx_HAL_Driver/Src/stm32g4xx_hal_i2c.o
 .ARM.attributes
                0x000000000000021e       0x39 Drivers/STM32G4xx_HAL_Driver/Src/stm32g4xx_hal_i2c_ex.o
 .ARM.attributes
                0x0000000000000257       0x39 Drivers/STM32G4xx_HAL_Driver/Src/stm32g4xx_hal_pcd.o
 .ARM.attributes
                0x0000000000000290       0x39 Drivers/STM32G4xx_HAL_Driver/Src/stm32g4xx_hal_pcd_ex.o
 .ARM.attributes
                0x00000000000002c9       0x39 Drivers/STM32G4xx_HAL_Driver/Src/stm32g4xx_hal_pwr_ex.o
 .ARM.attributes
                0x0000000000000302       0x39 Drivers/STM32G4xx_HAL_Driver/Src/stm32g4xx_hal_rcc.o
 .ARM.attributes
                0x000000000000033b       0x39 Drivers/STM32G4xx_HAL_Driver/Src/stm32g4xx_hal_rcc_ex.o
 .ARM.attributes
                0x0000000000000374       0x39 Drivers/STM32G4xx_HAL_Driver/Src/stm32g4xx_hal_tim.o
 .ARM.attributes
                0x00000000000003ad       0x39 Drivers/STM32G4xx_HAL_Driver/Src/stm32g4xx_hal_tim_ex.o
 .ARM.attributes
                0x00000000000003e6       0x39 Drivers/STM32G4xx_HAL_Driver/Src/stm32g4xx_ll_usb.o
 .ARM.attributes
                0x000000000000041f       0x39 Middlewares/ST/STM32_USB_Device_Library/Class/CDC/Src/usbd_cdc.o
 .ARM.attributes
                0x0000000000000458       0x39 Middlewares/ST/STM32_USB_Device_Library/Core/Src/usbd_core.o
 .ARM.attributes
                0x0000000000000491       0x39 Middlewares/ST/STM32_USB_Device_Library/Core/Src/usbd_ctlreq.o
 .ARM.attributes
                0x00000000000004ca       0x39 Middlewares/ST/STM32_USB_Device_Library/Core/Src/usbd_ioreq.o
 .ARM.attributes
                0x0000000000000503       0x39 Src/adc.o
 .ARM.attributes
                0x000000000000053c       0x39 Src/cordic.o
 .ARM.attributes
                0x0000000000000575       0x39 Src/dac.o
 .ARM.attributes
                0x00000000000005ae       0x39 Src/gpio.o
 .ARM.attributes
                0x00000000000005e7       0x39 Src/i2c.o
 .ARM.attributes
                0x0000000000000620       0x39 Src/main.o
 .ARM.attributes
                0x0000000000000659       0x39 Src/stm32g4xx_hal_msp.o
 .ARM.attributes
                0x0000000000000692       0x39 Src/stm32g4xx_it.o
 .ARM.attributes
                0x00000000000006cb       0x39 Src/system_stm32g4xx.o
 .ARM.attributes
                0x0000000000000704       0x39 Src/tim.o
 .ARM.attributes
                0x000000000000073d       0x39 Src/usb_device.o
 .ARM.attributes
                0x0000000000000776       0x39 Src/usbd_cdc_if.o
 .ARM.attributes
                0x00000000000007af       0x39 Src/usbd_conf.o
 .ARM.attributes
                0x00000000000007e8       0x39 Src/usbd_desc.o
 .ARM.attributes
                0x0000000000000821       0x21 Startup/startup_stm32g431k8tx.o
 .ARM.attributes
                0x0000000000000842       0x34 c:/st/stm32cubeide_1.0.2/stm32cubeide/plugins/com.st.stm32cube.ide.mcu.externaltools.gnu-tools-for-stm32.7-2018-q2-update.win32_1.0.0.201904181610/tools/bin/../lib/gcc/arm-none-eabi/7.3.1/../../../../arm-none-eabi/lib/thumb/v7e-m/fpv4-sp/hard\libc_nano.a(lib_a-init.o)
 .ARM.attributes
                0x0000000000000876       0x34 c:/st/stm32cubeide_1.0.2/stm32cubeide/plugins/com.st.stm32cube.ide.mcu.externaltools.gnu-tools-for-stm32.7-2018-q2-update.win32_1.0.0.201904181610/tools/bin/../lib/gcc/arm-none-eabi/7.3.1/../../../../arm-none-eabi/lib/thumb/v7e-m/fpv4-sp/hard\libc_nano.a(lib_a-memset.o)
 .ARM.attributes
                0x00000000000008aa       0x22 c:/st/stm32cubeide_1.0.2/stm32cubeide/plugins/com.st.stm32cube.ide.mcu.externaltools.gnu-tools-for-stm32.7-2018-q2-update.win32_1.0.0.201904181610/tools/bin/../lib/gcc/arm-none-eabi/7.3.1/thumb/v7e-m/fpv4-sp/hard/crtn.o
OUTPUT(Battery_e-load.elf elf32-littlearm)

.debug_info     0x0000000000000000    0x255f3
 .debug_info    0x0000000000000000      0xb9b Drivers/STM32G4xx_HAL_Driver/Src/stm32g4xx_hal.o
 .debug_info    0x0000000000000b9b     0x1ec4 Drivers/STM32G4xx_HAL_Driver/Src/stm32g4xx_hal_adc.o
 .debug_info    0x0000000000002a5f     0x1c12 Drivers/STM32G4xx_HAL_Driver/Src/stm32g4xx_hal_adc_ex.o
 .debug_info    0x0000000000004671      0xc16 Drivers/STM32G4xx_HAL_Driver/Src/stm32g4xx_hal_cordic.o
 .debug_info    0x0000000000005287      0xebb Drivers/STM32G4xx_HAL_Driver/Src/stm32g4xx_hal_cortex.o
 .debug_info    0x0000000000006142      0xd4b Drivers/STM32G4xx_HAL_Driver/Src/stm32g4xx_hal_dac.o
 .debug_info    0x0000000000006e8d      0x969 Drivers/STM32G4xx_HAL_Driver/Src/stm32g4xx_hal_gpio.o
 .debug_info    0x00000000000077f6     0x213d Drivers/STM32G4xx_HAL_Driver/Src/stm32g4xx_hal_i2c.o
 .debug_info    0x0000000000009933      0xc3c Drivers/STM32G4xx_HAL_Driver/Src/stm32g4xx_hal_i2c_ex.o
 .debug_info    0x000000000000a56f      0xf4e Drivers/STM32G4xx_HAL_Driver/Src/stm32g4xx_hal_pcd.o
 .debug_info    0x000000000000b4bd      0x968 Drivers/STM32G4xx_HAL_Driver/Src/stm32g4xx_hal_pcd_ex.o
 .debug_info    0x000000000000be25      0xa9c Drivers/STM32G4xx_HAL_Driver/Src/stm32g4xx_hal_pwr_ex.o
 .debug_info    0x000000000000c8c1      0xca5 Drivers/STM32G4xx_HAL_Driver/Src/stm32g4xx_hal_rcc.o
 .debug_info    0x000000000000d566      0xd92 Drivers/STM32G4xx_HAL_Driver/Src/stm32g4xx_hal_rcc_ex.o
 .debug_info    0x000000000000e2f8     0x2884 Drivers/STM32G4xx_HAL_Driver/Src/stm32g4xx_hal_tim.o
 .debug_info    0x0000000000010b7c     0x1a34 Drivers/STM32G4xx_HAL_Driver/Src/stm32g4xx_hal_tim_ex.o
 .debug_info    0x00000000000125b0     0x15ff Drivers/STM32G4xx_HAL_Driver/Src/stm32g4xx_ll_usb.o
 .debug_info    0x0000000000013baf     0x18af Middlewares/ST/STM32_USB_Device_Library/Class/CDC/Src/usbd_cdc.o
 .debug_info    0x000000000001545e     0x12c7 Middlewares/ST/STM32_USB_Device_Library/Core/Src/usbd_core.o
 .debug_info    0x0000000000016725     0x1237 Middlewares/ST/STM32_USB_Device_Library/Core/Src/usbd_ctlreq.o
 .debug_info    0x000000000001795c     0x1028 Middlewares/ST/STM32_USB_Device_Library/Core/Src/usbd_ioreq.o
 .debug_info    0x0000000000018984      0xf0c Src/adc.o
 .debug_info    0x0000000000019890      0x940 Src/cordic.o
 .debug_info    0x000000000001a1d0      0xc54 Src/dac.o
 .debug_info    0x000000000001ae24      0x614 Src/gpio.o
 .debug_info    0x000000000001b438      0xc3e Src/i2c.o
 .debug_info    0x000000000001c076     0x22b9 Src/main.o
 .debug_info    0x000000000001e32f      0x631 Src/stm32g4xx_hal_msp.o
 .debug_info    0x000000000001e960      0x793 Src/stm32g4xx_it.o
 .debug_info    0x000000000001f0f3      0x6af Src/system_stm32g4xx.o
 .debug_info    0x000000000001f7a2      0xd49 Src/tim.o
 .debug_info    0x00000000000204eb      0xf70 Src/usb_device.o
 .debug_info    0x000000000002145b     0x112a Src/usbd_cdc_if.o
 .debug_info    0x0000000000022585     0x2240 Src/usbd_conf.o
 .debug_info    0x00000000000247c5      0xe0c Src/usbd_desc.o
 .debug_info    0x00000000000255d1       0x22 Startup/startup_stm32g431k8tx.o

.debug_abbrev   0x0000000000000000     0x47a5
 .debug_abbrev  0x0000000000000000      0x1fb Drivers/STM32G4xx_HAL_Driver/Src/stm32g4xx_hal.o
 .debug_abbrev  0x00000000000001fb      0x24a Drivers/STM32G4xx_HAL_Driver/Src/stm32g4xx_hal_adc.o
 .debug_abbrev  0x0000000000000445      0x26a Drivers/STM32G4xx_HAL_Driver/Src/stm32g4xx_hal_adc_ex.o
 .debug_abbrev  0x00000000000006af      0x1fc Drivers/STM32G4xx_HAL_Driver/Src/stm32g4xx_hal_cordic.o
 .debug_abbrev  0x00000000000008ab      0x2f1 Drivers/STM32G4xx_HAL_Driver/Src/stm32g4xx_hal_cortex.o
 .debug_abbrev  0x0000000000000b9c      0x1cc Drivers/STM32G4xx_HAL_Driver/Src/stm32g4xx_hal_dac.o
 .debug_abbrev  0x0000000000000d68      0x1c0 Drivers/STM32G4xx_HAL_Driver/Src/stm32g4xx_hal_gpio.o
 .debug_abbrev  0x0000000000000f28      0x22a Drivers/STM32G4xx_HAL_Driver/Src/stm32g4xx_hal_i2c.o
 .debug_abbrev  0x0000000000001152      0x1b9 Drivers/STM32G4xx_HAL_Driver/Src/stm32g4xx_hal_i2c_ex.o
 .debug_abbrev  0x000000000000130b      0x27d Drivers/STM32G4xx_HAL_Driver/Src/stm32g4xx_hal_pcd.o
 .debug_abbrev  0x0000000000001588      0x1eb Drivers/STM32G4xx_HAL_Driver/Src/stm32g4xx_hal_pcd_ex.o
 .debug_abbrev  0x0000000000001773      0x1fd Drivers/STM32G4xx_HAL_Driver/Src/stm32g4xx_hal_pwr_ex.o
 .debug_abbrev  0x0000000000001970      0x245 Drivers/STM32G4xx_HAL_Driver/Src/stm32g4xx_hal_rcc.o
 .debug_abbrev  0x0000000000001bb5      0x204 Drivers/STM32G4xx_HAL_Driver/Src/stm32g4xx_hal_rcc_ex.o
 .debug_abbrev  0x0000000000001db9      0x25b Drivers/STM32G4xx_HAL_Driver/Src/stm32g4xx_hal_tim.o
 .debug_abbrev  0x0000000000002014      0x249 Drivers/STM32G4xx_HAL_Driver/Src/stm32g4xx_hal_tim_ex.o
 .debug_abbrev  0x000000000000225d      0x239 Drivers/STM32G4xx_HAL_Driver/Src/stm32g4xx_ll_usb.o
 .debug_abbrev  0x0000000000002496      0x2b6 Middlewares/ST/STM32_USB_Device_Library/Class/CDC/Src/usbd_cdc.o
 .debug_abbrev  0x000000000000274c      0x270 Middlewares/ST/STM32_USB_Device_Library/Core/Src/usbd_core.o
 .debug_abbrev  0x00000000000029bc      0x2a0 Middlewares/ST/STM32_USB_Device_Library/Core/Src/usbd_ctlreq.o
 .debug_abbrev  0x0000000000002c5c      0x1e0 Middlewares/ST/STM32_USB_Device_Library/Core/Src/usbd_ioreq.o
 .debug_abbrev  0x0000000000002e3c      0x199 Src/adc.o
 .debug_abbrev  0x0000000000002fd5      0x17f Src/cordic.o
 .debug_abbrev  0x0000000000003154      0x199 Src/dac.o
 .debug_abbrev  0x00000000000032ed      0x134 Src/gpio.o
 .debug_abbrev  0x0000000000003421      0x1a4 Src/i2c.o
 .debug_abbrev  0x00000000000035c5      0x24b Src/main.o
 .debug_abbrev  0x0000000000003810      0x13d Src/stm32g4xx_hal_msp.o
 .debug_abbrev  0x000000000000394d      0x155 Src/stm32g4xx_it.o
 .debug_abbrev  0x0000000000003aa2      0x147 Src/system_stm32g4xx.o
 .debug_abbrev  0x0000000000003be9      0x1e4 Src/tim.o
 .debug_abbrev  0x0000000000003dcd      0x1be Src/usb_device.o
 .debug_abbrev  0x0000000000003f8b      0x27c Src/usbd_cdc_if.o
 .debug_abbrev  0x0000000000004207      0x2fc Src/usbd_conf.o
 .debug_abbrev  0x0000000000004503      0x290 Src/usbd_desc.o
 .debug_abbrev  0x0000000000004793       0x12 Startup/startup_stm32g431k8tx.o

.debug_aranges  0x0000000000000000     0x1c10
 .debug_aranges
                0x0000000000000000      0x130 Drivers/STM32G4xx_HAL_Driver/Src/stm32g4xx_hal.o
 .debug_aranges
                0x0000000000000130      0x248 Drivers/STM32G4xx_HAL_Driver/Src/stm32g4xx_hal_adc.o
 .debug_aranges
                0x0000000000000378      0x1c0 Drivers/STM32G4xx_HAL_Driver/Src/stm32g4xx_hal_adc_ex.o
 .debug_aranges
                0x0000000000000538       0xb0 Drivers/STM32G4xx_HAL_Driver/Src/stm32g4xx_hal_cordic.o
 .debug_aranges
                0x00000000000005e8      0x118 Drivers/STM32G4xx_HAL_Driver/Src/stm32g4xx_hal_cortex.o
 .debug_aranges
                0x0000000000000700       0xc0 Drivers/STM32G4xx_HAL_Driver/Src/stm32g4xx_hal_dac.o
 .debug_aranges
                0x00000000000007c0       0x58 Drivers/STM32G4xx_HAL_Driver/Src/stm32g4xx_hal_gpio.o
 .debug_aranges
                0x0000000000000818      0x288 Drivers/STM32G4xx_HAL_Driver/Src/stm32g4xx_hal_i2c.o
 .debug_aranges
                0x0000000000000aa0       0x48 Drivers/STM32G4xx_HAL_Driver/Src/stm32g4xx_hal_i2c_ex.o
 .debug_aranges
                0x0000000000000ae8      0x120 Drivers/STM32G4xx_HAL_Driver/Src/stm32g4xx_hal_pcd.o
 .debug_aranges
                0x0000000000000c08       0x58 Drivers/STM32G4xx_HAL_Driver/Src/stm32g4xx_hal_pcd_ex.o
 .debug_aranges
                0x0000000000000c60      0x140 Drivers/STM32G4xx_HAL_Driver/Src/stm32g4xx_hal_pwr_ex.o
 .debug_aranges
                0x0000000000000da0       0x98 Drivers/STM32G4xx_HAL_Driver/Src/stm32g4xx_hal_rcc.o
 .debug_aranges
                0x0000000000000e38       0xb0 Drivers/STM32G4xx_HAL_Driver/Src/stm32g4xx_hal_rcc_ex.o
 .debug_aranges
                0x0000000000000ee8      0x3c8 Drivers/STM32G4xx_HAL_Driver/Src/stm32g4xx_hal_tim.o
 .debug_aranges
                0x00000000000012b0      0x228 Drivers/STM32G4xx_HAL_Driver/Src/stm32g4xx_hal_tim_ex.o
 .debug_aranges
                0x00000000000014d8      0x108 Drivers/STM32G4xx_HAL_Driver/Src/stm32g4xx_ll_usb.o
 .debug_aranges
                0x00000000000015e0       0x90 Middlewares/ST/STM32_USB_Device_Library/Class/CDC/Src/usbd_cdc.o
 .debug_aranges
                0x0000000000001670       0xb8 Middlewares/ST/STM32_USB_Device_Library/Core/Src/usbd_core.o
 .debug_aranges
                0x0000000000001728       0x88 Middlewares/ST/STM32_USB_Device_Library/Core/Src/usbd_ctlreq.o
 .debug_aranges
                0x00000000000017b0       0x50 Middlewares/ST/STM32_USB_Device_Library/Core/Src/usbd_ioreq.o
 .debug_aranges
                0x0000000000001800       0x38 Src/adc.o
 .debug_aranges
                0x0000000000001838       0x30 Src/cordic.o
 .debug_aranges
                0x0000000000001868       0x30 Src/dac.o
 .debug_aranges
                0x0000000000001898       0x20 Src/gpio.o
 .debug_aranges
                0x00000000000018b8       0x30 Src/i2c.o
 .debug_aranges
                0x00000000000018e8       0x30 Src/main.o
 .debug_aranges
                0x0000000000001918       0x28 Src/stm32g4xx_hal_msp.o
 .debug_aranges
                0x0000000000001940       0x68 Src/stm32g4xx_it.o
 .debug_aranges
                0x00000000000019a8       0x28 Src/system_stm32g4xx.o
 .debug_aranges
                0x00000000000019d0       0x38 Src/tim.o
 .debug_aranges
                0x0000000000001a08       0x20 Src/usb_device.o
 .debug_aranges
                0x0000000000001a28       0x40 Src/usbd_cdc_if.o
 .debug_aranges
                0x0000000000001a68      0x120 Src/usbd_conf.o
 .debug_aranges
                0x0000000000001b88       0x60 Src/usbd_desc.o
 .debug_aranges
                0x0000000000001be8       0x28 Startup/startup_stm32g431k8tx.o

.debug_ranges   0x0000000000000000     0x19d8
 .debug_ranges  0x0000000000000000      0x120 Drivers/STM32G4xx_HAL_Driver/Src/stm32g4xx_hal.o
 .debug_ranges  0x0000000000000120      0x238 Drivers/STM32G4xx_HAL_Driver/Src/stm32g4xx_hal_adc.o
 .debug_ranges  0x0000000000000358      0x1b0 Drivers/STM32G4xx_HAL_Driver/Src/stm32g4xx_hal_adc_ex.o
 .debug_ranges  0x0000000000000508       0xa0 Drivers/STM32G4xx_HAL_Driver/Src/stm32g4xx_hal_cordic.o
 .debug_ranges  0x00000000000005a8      0x108 Drivers/STM32G4xx_HAL_Driver/Src/stm32g4xx_hal_cortex.o
 .debug_ranges  0x00000000000006b0       0xb0 Drivers/STM32G4xx_HAL_Driver/Src/stm32g4xx_hal_dac.o
 .debug_ranges  0x0000000000000760       0x48 Drivers/STM32G4xx_HAL_Driver/Src/stm32g4xx_hal_gpio.o
 .debug_ranges  0x00000000000007a8      0x278 Drivers/STM32G4xx_HAL_Driver/Src/stm32g4xx_hal_i2c.o
 .debug_ranges  0x0000000000000a20       0x38 Drivers/STM32G4xx_HAL_Driver/Src/stm32g4xx_hal_i2c_ex.o
 .debug_ranges  0x0000000000000a58      0x110 Drivers/STM32G4xx_HAL_Driver/Src/stm32g4xx_hal_pcd.o
 .debug_ranges  0x0000000000000b68       0x48 Drivers/STM32G4xx_HAL_Driver/Src/stm32g4xx_hal_pcd_ex.o
 .debug_ranges  0x0000000000000bb0      0x130 Drivers/STM32G4xx_HAL_Driver/Src/stm32g4xx_hal_pwr_ex.o
 .debug_ranges  0x0000000000000ce0       0x88 Drivers/STM32G4xx_HAL_Driver/Src/stm32g4xx_hal_rcc.o
 .debug_ranges  0x0000000000000d68       0xa0 Drivers/STM32G4xx_HAL_Driver/Src/stm32g4xx_hal_rcc_ex.o
 .debug_ranges  0x0000000000000e08      0x3b8 Drivers/STM32G4xx_HAL_Driver/Src/stm32g4xx_hal_tim.o
 .debug_ranges  0x00000000000011c0      0x218 Drivers/STM32G4xx_HAL_Driver/Src/stm32g4xx_hal_tim_ex.o
 .debug_ranges  0x00000000000013d8       0xf8 Drivers/STM32G4xx_HAL_Driver/Src/stm32g4xx_ll_usb.o
 .debug_ranges  0x00000000000014d0       0x80 Middlewares/ST/STM32_USB_Device_Library/Class/CDC/Src/usbd_cdc.o
 .debug_ranges  0x0000000000001550       0xa8 Middlewares/ST/STM32_USB_Device_Library/Core/Src/usbd_core.o
 .debug_ranges  0x00000000000015f8       0x78 Middlewares/ST/STM32_USB_Device_Library/Core/Src/usbd_ctlreq.o
 .debug_ranges  0x0000000000001670       0x40 Middlewares/ST/STM32_USB_Device_Library/Core/Src/usbd_ioreq.o
 .debug_ranges  0x00000000000016b0       0x28 Src/adc.o
 .debug_ranges  0x00000000000016d8       0x20 Src/cordic.o
 .debug_ranges  0x00000000000016f8       0x20 Src/dac.o
 .debug_ranges  0x0000000000001718       0x10 Src/gpio.o
 .debug_ranges  0x0000000000001728       0x20 Src/i2c.o
 .debug_ranges  0x0000000000001748       0x20 Src/main.o
 .debug_ranges  0x0000000000001768       0x18 Src/stm32g4xx_hal_msp.o
 .debug_ranges  0x0000000000001780       0x58 Src/stm32g4xx_it.o
 .debug_ranges  0x00000000000017d8       0x18 Src/system_stm32g4xx.o
 .debug_ranges  0x00000000000017f0       0x28 Src/tim.o
 .debug_ranges  0x0000000000001818       0x10 Src/usb_device.o
 .debug_ranges  0x0000000000001828       0x30 Src/usbd_cdc_if.o
 .debug_ranges  0x0000000000001858      0x110 Src/usbd_conf.o
 .debug_ranges  0x0000000000001968       0x50 Src/usbd_desc.o
 .debug_ranges  0x00000000000019b8       0x20 Startup/startup_stm32g431k8tx.o

.debug_macro    0x0000000000000000    0x254a8
 .debug_macro   0x0000000000000000      0x286 Drivers/STM32G4xx_HAL_Driver/Src/stm32g4xx_hal.o
 .debug_macro   0x0000000000000286      0xa5a Drivers/STM32G4xx_HAL_Driver/Src/stm32g4xx_hal.o
 .debug_macro   0x0000000000000ce0      0x173 Drivers/STM32G4xx_HAL_Driver/Src/stm32g4xx_hal.o
 .debug_macro   0x0000000000000e53       0x2e Drivers/STM32G4xx_HAL_Driver/Src/stm32g4xx_hal.o
 .debug_macro   0x0000000000000e81       0x28 Drivers/STM32G4xx_HAL_Driver/Src/stm32g4xx_hal.o
 .debug_macro   0x0000000000000ea9       0x22 Drivers/STM32G4xx_HAL_Driver/Src/stm32g4xx_hal.o
 .debug_macro   0x0000000000000ecb       0x8e Drivers/STM32G4xx_HAL_Driver/Src/stm32g4xx_hal.o
 .debug_macro   0x0000000000000f59       0x51 Drivers/STM32G4xx_HAL_Driver/Src/stm32g4xx_hal.o
 .debug_macro   0x0000000000000faa       0xef Drivers/STM32G4xx_HAL_Driver/Src/stm32g4xx_hal.o
 .debug_macro   0x0000000000001099       0x6a Drivers/STM32G4xx_HAL_Driver/Src/stm32g4xx_hal.o
 .debug_macro   0x0000000000001103      0x1df Drivers/STM32G4xx_HAL_Driver/Src/stm32g4xx_hal.o
 .debug_macro   0x00000000000012e2       0x1c Drivers/STM32G4xx_HAL_Driver/Src/stm32g4xx_hal.o
 .debug_macro   0x00000000000012fe       0x22 Drivers/STM32G4xx_HAL_Driver/Src/stm32g4xx_hal.o
 .debug_macro   0x0000000000001320       0xdf Drivers/STM32G4xx_HAL_Driver/Src/stm32g4xx_hal.o
 .debug_macro   0x00000000000013ff     0x102d Drivers/STM32G4xx_HAL_Driver/Src/stm32g4xx_hal.o
 .debug_macro   0x000000000000242c      0x11f Drivers/STM32G4xx_HAL_Driver/Src/stm32g4xx_hal.o
 .debug_macro   0x000000000000254b    0x113ab Drivers/STM32G4xx_HAL_Driver/Src/stm32g4xx_hal.o
 .debug_macro   0x00000000000138f6       0x43 Drivers/STM32G4xx_HAL_Driver/Src/stm32g4xx_hal.o
 .debug_macro   0x0000000000013939     0x34ae Drivers/STM32G4xx_HAL_Driver/Src/stm32g4xx_hal.o
 .debug_macro   0x0000000000016de7      0x174 Drivers/STM32G4xx_HAL_Driver/Src/stm32g4xx_hal.o
 .debug_macro   0x0000000000016f5b       0x5a Drivers/STM32G4xx_HAL_Driver/Src/stm32g4xx_hal.o
 .debug_macro   0x0000000000016fb5     0x13de Drivers/STM32G4xx_HAL_Driver/Src/stm32g4xx_hal.o
 .debug_macro   0x0000000000018393      0x535 Drivers/STM32G4xx_HAL_Driver/Src/stm32g4xx_hal.o
 .debug_macro   0x00000000000188c8      0x137 Drivers/STM32G4xx_HAL_Driver/Src/stm32g4xx_hal.o
 .debug_macro   0x00000000000189ff      0x26d Drivers/STM32G4xx_HAL_Driver/Src/stm32g4xx_hal.o
 .debug_macro   0x0000000000018c6c      0x41d Drivers/STM32G4xx_HAL_Driver/Src/stm32g4xx_hal.o
 .debug_macro   0x0000000000019089      0x18b Drivers/STM32G4xx_HAL_Driver/Src/stm32g4xx_hal.o
 .debug_macro   0x0000000000019214       0x43 Drivers/STM32G4xx_HAL_Driver/Src/stm32g4xx_hal.o
 .debug_macro   0x0000000000019257      0x23d Drivers/STM32G4xx_HAL_Driver/Src/stm32g4xx_hal.o
 .debug_macro   0x0000000000019494     0x10fd Drivers/STM32G4xx_HAL_Driver/Src/stm32g4xx_hal.o
 .debug_macro   0x000000000001a591      0x72e Drivers/STM32G4xx_HAL_Driver/Src/stm32g4xx_hal.o
 .debug_macro   0x000000000001acbf      0x391 Drivers/STM32G4xx_HAL_Driver/Src/stm32g4xx_hal.o
 .debug_macro   0x000000000001b050      0x1f4 Drivers/STM32G4xx_HAL_Driver/Src/stm32g4xx_hal.o
 .debug_macro   0x000000000001b244      0x202 Drivers/STM32G4xx_HAL_Driver/Src/stm32g4xx_hal.o
 .debug_macro   0x000000000001b446      0x108 Drivers/STM32G4xx_HAL_Driver/Src/stm32g4xx_hal.o
 .debug_macro   0x000000000001b54e      0x212 Drivers/STM32G4xx_HAL_Driver/Src/stm32g4xx_hal.o
 .debug_macro   0x000000000001b760      0x401 Drivers/STM32G4xx_HAL_Driver/Src/stm32g4xx_hal.o
 .debug_macro   0x000000000001bb61      0x107 Drivers/STM32G4xx_HAL_Driver/Src/stm32g4xx_hal.o
 .debug_macro   0x000000000001bc68      0x22c Drivers/STM32G4xx_HAL_Driver/Src/stm32g4xx_hal.o
 .debug_macro   0x000000000001be94       0x5e Drivers/STM32G4xx_HAL_Driver/Src/stm32g4xx_hal.o
 .debug_macro   0x000000000001bef2       0xa5 Drivers/STM32G4xx_HAL_Driver/Src/stm32g4xx_hal.o
 .debug_macro   0x000000000001bf97       0x65 Drivers/STM32G4xx_HAL_Driver/Src/stm32g4xx_hal.o
 .debug_macro   0x000000000001bffc      0x234 Drivers/STM32G4xx_HAL_Driver/Src/stm32g4xx_hal.o
 .debug_macro   0x000000000001c230      0x122 Drivers/STM32G4xx_HAL_Driver/Src/stm32g4xx_hal.o
 .debug_macro   0x000000000001c352      0x3d1 Drivers/STM32G4xx_HAL_Driver/Src/stm32g4xx_hal.o
 .debug_macro   0x000000000001c723      0xb5c Drivers/STM32G4xx_HAL_Driver/Src/stm32g4xx_hal.o
 .debug_macro   0x000000000001d27f      0x47e Drivers/STM32G4xx_HAL_Driver/Src/stm32g4xx_hal.o
 .debug_macro   0x000000000001d6fd      0x307 Drivers/STM32G4xx_HAL_Driver/Src/stm32g4xx_hal.o
 .debug_macro   0x000000000001da04      0x255 Drivers/STM32G4xx_HAL_Driver/Src/stm32g4xx_hal_adc.o
 .debug_macro   0x000000000001dc59      0x244 Drivers/STM32G4xx_HAL_Driver/Src/stm32g4xx_hal_adc_ex.o
 .debug_macro   0x000000000001de9d      0x239 Drivers/STM32G4xx_HAL_Driver/Src/stm32g4xx_hal_cordic.o
 .debug_macro   0x000000000001e0d6      0x238 Drivers/STM32G4xx_HAL_Driver/Src/stm32g4xx_hal_cortex.o
 .debug_macro   0x000000000001e30e      0x24e Drivers/STM32G4xx_HAL_Driver/Src/stm32g4xx_hal_dac.o
 .debug_macro   0x000000000001e55c      0x270 Drivers/STM32G4xx_HAL_Driver/Src/stm32g4xx_hal_gpio.o
 .debug_macro   0x000000000001e7cc      0x2fd Drivers/STM32G4xx_HAL_Driver/Src/stm32g4xx_hal_i2c.o
 .debug_macro   0x000000000001eac9      0x238 Drivers/STM32G4xx_HAL_Driver/Src/stm32g4xx_hal_i2c_ex.o
 .debug_macro   0x000000000001ed01      0x244 Drivers/STM32G4xx_HAL_Driver/Src/stm32g4xx_hal_pcd.o
 .debug_macro   0x000000000001ef45      0x238 Drivers/STM32G4xx_HAL_Driver/Src/stm32g4xx_hal_pcd_ex.o
 .debug_macro   0x000000000001f17d      0x262 Drivers/STM32G4xx_HAL_Driver/Src/stm32g4xx_hal_pwr_ex.o
 .debug_macro   0x000000000001f3df      0x274 Drivers/STM32G4xx_HAL_Driver/Src/stm32g4xx_hal_rcc.o
 .debug_macro   0x000000000001f653      0x262 Drivers/STM32G4xx_HAL_Driver/Src/stm32g4xx_hal_rcc_ex.o
 .debug_macro   0x000000000001f8b5      0x240 Drivers/STM32G4xx_HAL_Driver/Src/stm32g4xx_hal_tim.o
 .debug_macro   0x000000000001faf5      0x23e Drivers/STM32G4xx_HAL_Driver/Src/stm32g4xx_hal_tim_ex.o
 .debug_macro   0x000000000001fd33      0x238 Drivers/STM32G4xx_HAL_Driver/Src/stm32g4xx_ll_usb.o
 .debug_macro   0x000000000001ff6b      0x445 Middlewares/ST/STM32_USB_Device_Library/Class/CDC/Src/usbd_cdc.o
 .debug_macro   0x00000000000203b0       0x40 Middlewares/ST/STM32_USB_Device_Library/Class/CDC/Src/usbd_cdc.o
 .debug_macro   0x00000000000203f0       0x18 Middlewares/ST/STM32_USB_Device_Library/Class/CDC/Src/usbd_cdc.o
 .debug_macro   0x0000000000020408       0x94 Middlewares/ST/STM32_USB_Device_Library/Class/CDC/Src/usbd_cdc.o
 .debug_macro   0x000000000002049c       0x3c Middlewares/ST/STM32_USB_Device_Library/Class/CDC/Src/usbd_cdc.o
 .debug_macro   0x00000000000204d8       0x34 Middlewares/ST/STM32_USB_Device_Library/Class/CDC/Src/usbd_cdc.o
 .debug_macro   0x000000000002050c       0x16 Middlewares/ST/STM32_USB_Device_Library/Class/CDC/Src/usbd_cdc.o
 .debug_macro   0x0000000000020522       0x57 Middlewares/ST/STM32_USB_Device_Library/Class/CDC/Src/usbd_cdc.o
 .debug_macro   0x0000000000020579       0x97 Middlewares/ST/STM32_USB_Device_Library/Class/CDC/Src/usbd_cdc.o
 .debug_macro   0x0000000000020610      0x330 Middlewares/ST/STM32_USB_Device_Library/Class/CDC/Src/usbd_cdc.o
 .debug_macro   0x0000000000020940       0xfd Middlewares/ST/STM32_USB_Device_Library/Class/CDC/Src/usbd_cdc.o
 .debug_macro   0x0000000000020a3d       0x10 Middlewares/ST/STM32_USB_Device_Library/Class/CDC/Src/usbd_cdc.o
 .debug_macro   0x0000000000020a4d       0x52 Middlewares/ST/STM32_USB_Device_Library/Class/CDC/Src/usbd_cdc.o
 .debug_macro   0x0000000000020a9f       0x1f Middlewares/ST/STM32_USB_Device_Library/Class/CDC/Src/usbd_cdc.o
 .debug_macro   0x0000000000020abe       0x43 Middlewares/ST/STM32_USB_Device_Library/Class/CDC/Src/usbd_cdc.o
 .debug_macro   0x0000000000020b01       0x20 Middlewares/ST/STM32_USB_Device_Library/Class/CDC/Src/usbd_cdc.o
 .debug_macro   0x0000000000020b21      0x1a3 Middlewares/ST/STM32_USB_Device_Library/Class/CDC/Src/usbd_cdc.o
 .debug_macro   0x0000000000020cc4       0x10 Middlewares/ST/STM32_USB_Device_Library/Class/CDC/Src/usbd_cdc.o
 .debug_macro   0x0000000000020cd4       0x1c Middlewares/ST/STM32_USB_Device_Library/Class/CDC/Src/usbd_cdc.o
 .debug_macro   0x0000000000020cf0       0x52 Middlewares/ST/STM32_USB_Device_Library/Class/CDC/Src/usbd_cdc.o
 .debug_macro   0x0000000000020d42       0x40 Middlewares/ST/STM32_USB_Device_Library/Class/CDC/Src/usbd_cdc.o
 .debug_macro   0x0000000000020d82       0x10 Middlewares/ST/STM32_USB_Device_Library/Class/CDC/Src/usbd_cdc.o
 .debug_macro   0x0000000000020d92       0x40 Middlewares/ST/STM32_USB_Device_Library/Class/CDC/Src/usbd_cdc.o
 .debug_macro   0x0000000000020dd2       0xd7 Middlewares/ST/STM32_USB_Device_Library/Class/CDC/Src/usbd_cdc.o
 .debug_macro   0x0000000000020ea9       0x1c Middlewares/ST/STM32_USB_Device_Library/Class/CDC/Src/usbd_cdc.o
 .debug_macro   0x0000000000020ec5       0x3d Middlewares/ST/STM32_USB_Device_Library/Class/CDC/Src/usbd_cdc.o
 .debug_macro   0x0000000000020f02       0x16 Middlewares/ST/STM32_USB_Device_Library/Class/CDC/Src/usbd_cdc.o
 .debug_macro   0x0000000000020f18      0x145 Middlewares/ST/STM32_USB_Device_Library/Class/CDC/Src/usbd_cdc.o
 .debug_macro   0x000000000002105d       0x16 Middlewares/ST/STM32_USB_Device_Library/Class/CDC/Src/usbd_cdc.o
 .debug_macro   0x0000000000021073       0x35 Middlewares/ST/STM32_USB_Device_Library/Class/CDC/Src/usbd_cdc.o
 .debug_macro   0x00000000000210a8       0x16 Middlewares/ST/STM32_USB_Device_Library/Class/CDC/Src/usbd_cdc.o
 .debug_macro   0x00000000000210be       0x29 Middlewares/ST/STM32_USB_Device_Library/Class/CDC/Src/usbd_cdc.o
 .debug_macro   0x00000000000210e7       0x16 Middlewares/ST/STM32_USB_Device_Library/Class/CDC/Src/usbd_cdc.o
 .debug_macro   0x00000000000210fd       0x20 Middlewares/ST/STM32_USB_Device_Library/Class/CDC/Src/usbd_cdc.o
 .debug_macro   0x000000000002111d       0xd9 Middlewares/ST/STM32_USB_Device_Library/Class/CDC/Src/usbd_cdc.o
 .debug_macro   0x00000000000211f6       0x54 Middlewares/ST/STM32_USB_Device_Library/Class/CDC/Src/usbd_cdc.o
 .debug_macro   0x000000000002124a       0x66 Middlewares/ST/STM32_USB_Device_Library/Class/CDC/Src/usbd_cdc.o
 .debug_macro   0x00000000000212b0      0x1bc Middlewares/ST/STM32_USB_Device_Library/Class/CDC/Src/usbd_cdc.o
 .debug_macro   0x000000000002146c       0x8f Middlewares/ST/STM32_USB_Device_Library/Class/CDC/Src/usbd_cdc.o
 .debug_macro   0x00000000000214fb      0x42c Middlewares/ST/STM32_USB_Device_Library/Core/Src/usbd_core.o
 .debug_macro   0x0000000000021927      0x1c2 Middlewares/ST/STM32_USB_Device_Library/Core/Src/usbd_core.o
 .debug_macro   0x0000000000021ae9      0x436 Middlewares/ST/STM32_USB_Device_Library/Core/Src/usbd_ctlreq.o
 .debug_macro   0x0000000000021f1f      0x432 Middlewares/ST/STM32_USB_Device_Library/Core/Src/usbd_ioreq.o
 .debug_macro   0x0000000000022351      0x25a Src/adc.o
 .debug_macro   0x00000000000225ab      0x1eb Src/adc.o
 .debug_macro   0x0000000000022796       0x88 Src/adc.o
 .debug_macro   0x000000000002281e      0x25a Src/cordic.o
 .debug_macro   0x0000000000022a78      0x25a Src/dac.o
 .debug_macro   0x0000000000022cd2      0x25a Src/gpio.o
 .debug_macro   0x0000000000022f2c      0x25a Src/i2c.o
 .debug_macro   0x0000000000023186      0x4b7 Src/main.o
 .debug_macro   0x000000000002363d       0x46 Src/main.o
 .debug_macro   0x0000000000023683      0x32a Src/main.o
 .debug_macro   0x00000000000239ad      0x250 Src/stm32g4xx_hal_msp.o
 .debug_macro   0x0000000000023bfd      0x25a Src/stm32g4xx_it.o
 .debug_macro   0x0000000000023e57      0x23e Src/system_stm32g4xx.o
 .debug_macro   0x0000000000024095      0x25a Src/tim.o
 .debug_macro   0x00000000000242ef      0x46c Src/usb_device.o
 .debug_macro   0x000000000002475b       0x22 Src/usb_device.o
 .debug_macro   0x000000000002477d      0x457 Src/usbd_cdc_if.o
 .debug_macro   0x0000000000024bd4      0x44f Src/usbd_conf.o
 .debug_macro   0x0000000000025023      0x469 Src/usbd_desc.o
 .debug_macro   0x000000000002548c       0x1c Src/usbd_desc.o

.debug_line     0x0000000000000000    0x1a3f2
 .debug_line    0x0000000000000000      0xa4c Drivers/STM32G4xx_HAL_Driver/Src/stm32g4xx_hal.o
 .debug_line    0x0000000000000a4c     0x1590 Drivers/STM32G4xx_HAL_Driver/Src/stm32g4xx_hal_adc.o
 .debug_line    0x0000000000001fdc     0x12ac Drivers/STM32G4xx_HAL_Driver/Src/stm32g4xx_hal_adc_ex.o
 .debug_line    0x0000000000003288      0xa2c Drivers/STM32G4xx_HAL_Driver/Src/stm32g4xx_hal_cordic.o
 .debug_line    0x0000000000003cb4      0xad4 Drivers/STM32G4xx_HAL_Driver/Src/stm32g4xx_hal_cortex.o
 .debug_line    0x0000000000004788      0xa5a Drivers/STM32G4xx_HAL_Driver/Src/stm32g4xx_hal_dac.o
 .debug_line    0x00000000000051e2      0x952 Drivers/STM32G4xx_HAL_Driver/Src/stm32g4xx_hal_gpio.o
 .debug_line    0x0000000000005b34     0x1b24 Drivers/STM32G4xx_HAL_Driver/Src/stm32g4xx_hal_i2c.o
 .debug_line    0x0000000000007658      0x8f2 Drivers/STM32G4xx_HAL_Driver/Src/stm32g4xx_hal_i2c_ex.o
 .debug_line    0x0000000000007f4a      0xc5b Drivers/STM32G4xx_HAL_Driver/Src/stm32g4xx_hal_pcd.o
 .debug_line    0x0000000000008ba5      0x875 Drivers/STM32G4xx_HAL_Driver/Src/stm32g4xx_hal_pcd_ex.o
 .debug_line    0x000000000000941a      0xb39 Drivers/STM32G4xx_HAL_Driver/Src/stm32g4xx_hal_pwr_ex.o
 .debug_line    0x0000000000009f53      0xa8d Drivers/STM32G4xx_HAL_Driver/Src/stm32g4xx_hal_rcc.o
 .debug_line    0x000000000000a9e0      0xc37 Drivers/STM32G4xx_HAL_Driver/Src/stm32g4xx_hal_rcc_ex.o
 .debug_line    0x000000000000b617     0x1d14 Drivers/STM32G4xx_HAL_Driver/Src/stm32g4xx_hal_tim.o
 .debug_line    0x000000000000d32b     0x1185 Drivers/STM32G4xx_HAL_Driver/Src/stm32g4xx_hal_tim_ex.o
 .debug_line    0x000000000000e4b0      0xc8b Drivers/STM32G4xx_HAL_Driver/Src/stm32g4xx_ll_usb.o
 .debug_line    0x000000000000f13b      0xc46 Middlewares/ST/STM32_USB_Device_Library/Class/CDC/Src/usbd_cdc.o
 .debug_line    0x000000000000fd81      0xc81 Middlewares/ST/STM32_USB_Device_Library/Core/Src/usbd_core.o
 .debug_line    0x0000000000010a02      0xd0f Middlewares/ST/STM32_USB_Device_Library/Core/Src/usbd_ctlreq.o
 .debug_line    0x0000000000011711      0xaea Middlewares/ST/STM32_USB_Device_Library/Core/Src/usbd_ioreq.o
 .debug_line    0x00000000000121fb      0x861 Src/adc.o
 .debug_line    0x0000000000012a5c      0x7e4 Src/cordic.o
 .debug_line    0x0000000000013240      0x7f2 Src/dac.o
 .debug_line    0x0000000000013a32      0x7c3 Src/gpio.o
 .debug_line    0x00000000000141f5      0x7fc Src/i2c.o
 .debug_line    0x00000000000149f1      0xb64 Src/main.o
 .debug_line    0x0000000000015555      0x7d4 Src/stm32g4xx_hal_msp.o
 .debug_line    0x0000000000015d29      0x875 Src/stm32g4xx_it.o
 .debug_line    0x000000000001659e      0x7c3 Src/system_stm32g4xx.o
 .debug_line    0x0000000000016d61      0x80b Src/tim.o
 .debug_line    0x000000000001756c      0xac1 Src/usb_device.o
 .debug_line    0x000000000001802d      0xaf4 Src/usbd_cdc_if.o
 .debug_line    0x0000000000018b21      0xd3a Src/usbd_conf.o
 .debug_line    0x000000000001985b      0xb13 Src/usbd_desc.o
 .debug_line    0x000000000001a36e       0x84 Startup/startup_stm32g431k8tx.o

.debug_str      0x0000000000000000    0xe0820
 .debug_str     0x0000000000000000    0xd31b0 Drivers/STM32G4xx_HAL_Driver/Src/stm32g4xx_hal.o
                                      0xd3895 (size before relaxing)
 .debug_str     0x00000000000d31b0      0xf1d Drivers/STM32G4xx_HAL_Driver/Src/stm32g4xx_hal_adc.o
                                      0xd3d19 (size before relaxing)
 .debug_str     0x00000000000d40cd      0x76f Drivers/STM32G4xx_HAL_Driver/Src/stm32g4xx_hal_adc_ex.o
                                      0xd3ced (size before relaxing)
 .debug_str     0x00000000000d483c      0x37c Drivers/STM32G4xx_HAL_Driver/Src/stm32g4xx_hal_cordic.o
                                      0xd3260 (size before relaxing)
 .debug_str     0x00000000000d4bb8      0x3e6 Drivers/STM32G4xx_HAL_Driver/Src/stm32g4xx_hal_cortex.o